Component: ARM Compiler 5.06 update 6 (build 750) Tool: armlink [4d35ed]

==============================================================================

Section Cross References

    bldc.o(i.AdcFilter) refers to bldc.o(.bss) for tBldc
    bldc.o(i.BldcApp) refers to bldc.o(i.PotValueProcess) for PotValueProcess
    bldc.o(i.BldcApp) refers to bldc.o(i.MotorRunStopControl) for MotorRunStopControl
    bldc.o(i.BldcCount) refers to bldc.o(.bss) for tBldc
    bldc.o(i.BldcInt) refers to bldc.o(i.StatusMachine) for StatusMachine
    bldc.o(i.BldcInt) refers to bldc.o(i.AdcFilter) for AdcFilter
    bldc.o(i.BldcInt) refers to bldc.o(i.BldcCount) for BldcCount
    bldc.o(i.GetHallValue) refers to bldc.o(.bss) for tBldc
    bldc.o(i.GetHallValue) refers to protect.o(.data) for Error_Flag
    bldc.o(i.MotorRunStopControl) refers to bldc.o(.bss) for tBldc
    bldc.o(i.MotorRunStopControl) refers to protect.o(.bss) for tProtect
    bldc.o(i.PotValueProcess) refers to bldc.o(.bss) for tBldc
    bldc.o(i.StatusMachine) refers to bldc.o(i.GetHallValue) for GetHallValue
    bldc.o(i.StatusMachine) refers to bldc.o(.bss) for tBldc
    bldc.o(i.StatusMachine) refers to bldc.o(.constdata) for PwmPhaseOutReg0
    bldc.o(i.StatusMachine) refers to protect.o(.data) for Error_Flag
    main.o(i.DMA1_Channel1_IRQHandler) refers to bldc.o(i.BldcInt) for BldcInt
    main.o(i.DMA1_Channel1_IRQHandler) refers to display.o(i.LedInt) for LedInt
    main.o(i.DMA1_Channel1_IRQHandler) refers to protect.o(i.ProtectInt) for ProtectInt
    main.o(i.Main) refers to initialize.o(i.Initialize) for Initialize
    main.o(i.Main) refers to bldc.o(i.BldcApp) for BldcApp
    main.o(i.Main) refers to display.o(i.LedApp) for LedApp
    main.o(i.Main) refers to protect.o(i.ProtectApp) for ProtectApp
    main.o(i.Main) refers to protect.o(.bss) for tProtect
    main.o(i.TIM1_BRK_UP_TRG_COM_IRQHandler) refers to protect.o(.data) for Error_Flag
    startup.o(START) refers to main.o(i.DMA1_Channel1_IRQHandler) for DMA1_Channel1_IRQHandler
    startup.o(START) refers to main.o(i.TIM1_BRK_UP_TRG_COM_IRQHandler) for TIM1_BRK_UP_TRG_COM_IRQHandler
    startup.o(START) refers to main.o(i.Main) for Main
    initialize.o(i.Initialize) refers to initialize.o(i.McuRccInitialize) for McuRccInitialize
    initialize.o(i.Initialize) refers to initialize.o(i.McuGpioInitialize) for McuGpioInitialize
    initialize.o(i.Initialize) refers to initialize.o(i.McuTimer1Initialize) for McuTimer1Initialize
    initialize.o(i.Initialize) refers to initialize.o(i.McuDmaInitialize) for McuDmaInitialize
    initialize.o(i.Initialize) refers to initialize.o(i.McuAdcInitialize) for McuAdcInitialize
    initialize.o(i.Initialize) refers to display.o(i.LedInit) for LedInit
    initialize.o(i.Initialize) refers to initialize.o(i.McuNvicInitialize) for McuNvicInitialize
    initialize.o(i.Initialize) refers to protect.o(i.ProtectInit) for ProtectInit
    initialize.o(i.McuDmaInitialize) refers to bldc.o(.bss) for tBldc
    display.o(i.LedApp) refers to display.o(.data) for Cnt
    display.o(i.LedCount) refers to display.o(.data) for tLed
    display.o(i.LedInt) refers to display.o(i.LedCount) for LedCount
    protect.o(i.CurrentDetect) refers to protect.o(.data) for Error_Flag
    protect.o(i.CurrentDetect) refers to protect.o(.bss) for tProtect
    protect.o(i.CurrentDetect) refers to bldc.o(.bss) for tBldc
    protect.o(i.HallDetect) refers to protect.o(.data) for Error_Flag
    protect.o(i.HallDetect) refers to protect.o(.bss) for tProtect
    protect.o(i.ProtectApp) refers to protect.o(i.VoltageDetect) for VoltageDetect
    protect.o(i.ProtectApp) refers to protect.o(i.HallDetect) for HallDetect
    protect.o(i.ProtectApp) refers to protect.o(.bss) for tProtect
    protect.o(i.ProtectApp) refers to bldc.o(.bss) for tBldc
    protect.o(i.ProtectInit) refers to protect.o(.bss) for tProtect
    protect.o(i.ProtectInt) refers to protect.o(i.CurrentDetect) for CurrentDetect
    protect.o(i.ProtectInt) refers to protect.o(.bss) for tProtect
    protect.o(i.VoltageDetect) refers to bldc.o(.bss) for tBldc
    protect.o(i.VoltageDetect) refers to protect.o(.bss) for tProtect


==============================================================================

Image Symbol Table

    Local Symbols

    Symbol Name                              Value     Ov Type        Size  Object(Section)

    ..\Source\Bldc.c                         0x00000000   Number         0  bldc.o ABSOLUTE
    ..\Source\DisPlay.c                      0x00000000   Number         0  display.o ABSOLUTE
    ..\Source\Initialize.c                   0x00000000   Number         0  initialize.o ABSOLUTE
    ..\Source\Main.c                         0x00000000   Number         0  main.o ABSOLUTE
    ..\Source\Protect.c                      0x00000000   Number         0  protect.o ABSOLUTE
    ..\Source\Startup.s                      0x00000000   Number         0  startup.o ABSOLUTE
    START                                    0x08000000   Section      224  startup.o(START)
    i.AdcFilter                              0x080000e0   Section        0  bldc.o(i.AdcFilter)
    AdcFilter                                0x080000e1   Thumb Code   126  bldc.o(i.AdcFilter)
    i.BldcApp                                0x08000164   Section        0  bldc.o(i.BldcApp)
    i.BldcCount                              0x08000170   Section        0  bldc.o(i.BldcCount)
    BldcCount                                0x08000171   Thumb Code    20  bldc.o(i.BldcCount)
    i.BldcInt                                0x08000188   Section        0  bldc.o(i.BldcInt)
    i.CurrentDetect                          0x08000198   Section        0  protect.o(i.CurrentDetect)
    CurrentDetect                            0x08000199   Thumb Code    52  protect.o(i.CurrentDetect)
    i.DMA1_Channel1_IRQHandler               0x080001dc   Section        0  main.o(i.DMA1_Channel1_IRQHandler)
    i.GetHallValue                           0x08000208   Section        0  bldc.o(i.GetHallValue)
    GetHallValue                             0x08000209   Thumb Code   216  bldc.o(i.GetHallValue)
    i.HallDetect                             0x080002f0   Section        0  protect.o(i.HallDetect)
    HallDetect                               0x080002f1   Thumb Code    20  protect.o(i.HallDetect)
    i.Initialize                             0x0800030c   Section        0  initialize.o(i.Initialize)
    i.LedApp                                 0x08000330   Section        0  display.o(i.LedApp)
    i.LedCount                               0x080003d0   Section        0  display.o(i.LedCount)
    LedCount                                 0x080003d1   Thumb Code    40  display.o(i.LedCount)
    i.LedInit                                0x080003fc   Section        0  display.o(i.LedInit)
    i.LedInt                                 0x08000414   Section        0  display.o(i.LedInt)
    i.Main                                   0x0800041c   Section        0  main.o(i.Main)
    i.McuAdcInitialize                       0x08000438   Section        0  initialize.o(i.McuAdcInitialize)
    McuAdcInitialize                         0x08000439   Thumb Code   174  initialize.o(i.McuAdcInitialize)
    i.McuDmaInitialize                       0x08000500   Section        0  initialize.o(i.McuDmaInitialize)
    McuDmaInitialize                         0x08000501   Thumb Code    38  initialize.o(i.McuDmaInitialize)
    i.McuGpioInitialize                      0x0800053c   Section        0  initialize.o(i.McuGpioInitialize)
    McuGpioInitialize                        0x0800053d   Thumb Code    98  initialize.o(i.McuGpioInitialize)
    i.McuNvicInitialize                      0x080005b8   Section        0  initialize.o(i.McuNvicInitialize)
    McuNvicInitialize                        0x080005b9   Thumb Code    28  initialize.o(i.McuNvicInitialize)
    i.McuRccInitialize                       0x080005dc   Section        0  initialize.o(i.McuRccInitialize)
    McuRccInitialize                         0x080005dd   Thumb Code   136  initialize.o(i.McuRccInitialize)
    i.McuTimer1Initialize                    0x08000674   Section        0  initialize.o(i.McuTimer1Initialize)
    McuTimer1Initialize                      0x08000675   Thumb Code    74  initialize.o(i.McuTimer1Initialize)
    i.MotorRunStopControl                    0x080006c8   Section        0  bldc.o(i.MotorRunStopControl)
    MotorRunStopControl                      0x080006c9   Thumb Code    78  bldc.o(i.MotorRunStopControl)
    i.PotValueProcess                        0x08000720   Section        0  bldc.o(i.PotValueProcess)
    PotValueProcess                          0x08000721   Thumb Code    42  bldc.o(i.PotValueProcess)
    i.ProtectApp                             0x08000750   Section        0  protect.o(i.ProtectApp)
    i.ProtectInit                            0x0800077c   Section        0  protect.o(i.ProtectInit)
    i.ProtectInt                             0x08000794   Section        0  protect.o(i.ProtectInt)
    i.StatusMachine                          0x080007ec   Section        0  bldc.o(i.StatusMachine)
    StatusMachine                            0x080007ed   Thumb Code   336  bldc.o(i.StatusMachine)
    i.TIM1_BRK_UP_TRG_COM_IRQHandler         0x08000964   Section        0  main.o(i.TIM1_BRK_UP_TRG_COM_IRQHandler)
    i.VoltageDetect                          0x080009b8   Section        0  protect.o(i.VoltageDetect)
    VoltageDetect                            0x080009b9   Thumb Code    60  protect.o(i.VoltageDetect)
    .constdata                               0x08000a04   Section       84  bldc.o(.constdata)
    .data                                    0x20000000   Section        5  display.o(.data)
    Cnt                                      0x20000004   Data           1  display.o(.data)
    .data                                    0x20000008   Section        4  protect.o(.data)
    .bss                                     0x2000000c   Section       44  bldc.o(.bss)
    .bss                                     0x20000038   Section       10  protect.o(.bss)

    Global Symbols

    Symbol Name                              Value     Ov Type        Size  Object(Section)

    BuildAttributes$$THM_ISAv3M$S$PE$A:L22$X:L11$S22$IEEE1$IW$USESV6$~STKCKD$USESV7$~SHL$OSPACE$EBA8$STANDARDLIB$REQ8$PRES8$EABIv2 0x00000000   Number         0  anon$$obj.o ABSOLUTE
    __Vectors                                0x08000000   Data           0  startup.o(START)
    Reset_Handler                            0x080000c1   Thumb Code     0  startup.o(START)
    BldcApp                                  0x08000165   Thumb Code    12  bldc.o(i.BldcApp)
    BldcInt                                  0x08000189   Thumb Code    16  bldc.o(i.BldcInt)
    DMA1_Channel1_IRQHandler                 0x080001dd   Thumb Code    40  main.o(i.DMA1_Channel1_IRQHandler)
    Initialize                               0x0800030d   Thumb Code    36  initialize.o(i.Initialize)
    LedApp                                   0x08000331   Thumb Code   148  display.o(i.LedApp)
    LedInit                                  0x080003fd   Thumb Code    18  display.o(i.LedInit)
    LedInt                                   0x08000415   Thumb Code     8  display.o(i.LedInt)
    Main                                     0x0800041d   Thumb Code    24  main.o(i.Main)
    ProtectApp                               0x08000751   Thumb Code    36  protect.o(i.ProtectApp)
    ProtectInit                              0x0800077d   Thumb Code    20  protect.o(i.ProtectInit)
    ProtectInt                               0x08000795   Thumb Code    82  protect.o(i.ProtectInt)
    TIM1_BRK_UP_TRG_COM_IRQHandler           0x08000965   Thumb Code    66  main.o(i.TIM1_BRK_UP_TRG_COM_IRQHandler)
    PwmPhaseOutReg0                          0x08000a04   Data          28  bldc.o(.constdata)
    PwmPhaseOutReg1                          0x08000a20   Data          28  bldc.o(.constdata)
    PwmPhaseOutReg2                          0x08000a3c   Data          28  bldc.o(.constdata)
    tLed                                     0x20000000   Data           4  display.o(.data)
    Error_Flag                               0x20000008   Data           4  protect.o(.data)
    tBldc                                    0x2000000c   Data          44  bldc.o(.bss)
    tProtect                                 0x20000038   Data          10  protect.o(.bss)



==============================================================================

Memory Map of the image

  Image Entry point : 0x080000c1

  Load Region LR_1 (Base: 0x08000000, Size: 0x00000a64, Max: 0xffffffff, ABSOLUTE)

    Execution Region ER_RO (Exec base: 0x08000000, Load base: 0x08000000, Size: 0x00000a58, Max: 0xffffffff, ABSOLUTE)

    Exec Addr    Load Addr    Size         Type   Attr      Idx    E Section Name        Object

    0x08000000   0x08000000   0x000000e0   Code   RO           93  * START               startup.o
    0x080000e0   0x080000e0   0x00000084   Code   RO            1    i.AdcFilter         bldc.o
    0x08000164   0x08000164   0x0000000c   Code   RO            2    i.BldcApp           bldc.o
    0x08000170   0x08000170   0x00000018   Code   RO            3    i.BldcCount         bldc.o
    0x08000188   0x08000188   0x00000010   Code   RO            4    i.BldcInt           bldc.o
    0x08000198   0x08000198   0x00000044   Code   RO          178    i.CurrentDetect     protect.o
    0x080001dc   0x080001dc   0x0000002c   Code   RO           65    i.DMA1_Channel1_IRQHandler  main.o
    0x08000208   0x08000208   0x000000e8   Code   RO            5    i.GetHallValue      bldc.o
    0x080002f0   0x080002f0   0x0000001c   Code   RO          179    i.HallDetect        protect.o
    0x0800030c   0x0800030c   0x00000024   Code   RO           97    i.Initialize        initialize.o
    0x08000330   0x08000330   0x000000a0   Code   RO          143    i.LedApp            display.o
    0x080003d0   0x080003d0   0x0000002c   Code   RO          144    i.LedCount          display.o
    0x080003fc   0x080003fc   0x00000018   Code   RO          145    i.LedInit           display.o
    0x08000414   0x08000414   0x00000008   Code   RO          146    i.LedInt            display.o
    0x0800041c   0x0800041c   0x0000001c   Code   RO           66    i.Main              main.o
    0x08000438   0x08000438   0x000000c8   Code   RO           98    i.McuAdcInitialize  initialize.o
    0x08000500   0x08000500   0x0000003c   Code   RO           99    i.McuDmaInitialize  initialize.o
    0x0800053c   0x0800053c   0x0000007c   Code   RO          100    i.McuGpioInitialize  initialize.o
    0x080005b8   0x080005b8   0x00000024   Code   RO          101    i.McuNvicInitialize  initialize.o
    0x080005dc   0x080005dc   0x00000098   Code   RO          102    i.McuRccInitialize  initialize.o
    0x08000674   0x08000674   0x00000054   Code   RO          103    i.McuTimer1Initialize  initialize.o
    0x080006c8   0x080006c8   0x00000058   Code   RO            6    i.MotorRunStopControl  bldc.o
    0x08000720   0x08000720   0x00000030   Code   RO            7    i.PotValueProcess   bldc.o
    0x08000750   0x08000750   0x0000002c   Code   RO          180    i.ProtectApp        protect.o
    0x0800077c   0x0800077c   0x00000018   Code   RO          181    i.ProtectInit       protect.o
    0x08000794   0x08000794   0x00000058   Code   RO          182    i.ProtectInt        protect.o
    0x080007ec   0x080007ec   0x00000178   Code   RO            8    i.StatusMachine     bldc.o
    0x08000964   0x08000964   0x00000054   Code   RO           67    i.TIM1_BRK_UP_TRG_COM_IRQHandler  main.o
    0x080009b8   0x080009b8   0x0000004c   Code   RO          183    i.VoltageDetect     protect.o
    0x08000a04   0x08000a04   0x00000054   Data   RO           10    .constdata          bldc.o


    Execution Region ER_RW (Exec base: 0x20000000, Load base: 0x08000a58, Size: 0x0000000c, Max: 0xffffffff, ABSOLUTE)

    Exec Addr    Load Addr    Size         Type   Attr      Idx    E Section Name        Object

    0x20000000   0x08000a58   0x00000005   Data   RW          147    .data               display.o
    0x20000005   0x08000a5d   0x00000003   PAD
    0x20000008   0x08000a60   0x00000004   Data   RW          185    .data               protect.o


    Execution Region ER_ZI (Exec base: 0x2000000c, Load base: 0x08000a64, Size: 0x00000038, Max: 0xffffffff, ABSOLUTE)

    Exec Addr    Load Addr    Size         Type   Attr      Idx    E Section Name        Object

    0x2000000c        -       0x0000002c   Zero   RW            9    .bss                bldc.o
    0x20000038        -       0x0000000a   Zero   RW          184    .bss                protect.o


==============================================================================

Image component sizes


      Code (inc. data)   RO Data    RW Data    ZI Data      Debug   Object Name

       928         82         84          0         44       8378   bldc.o
       236         22          0          5          0       2203   display.o
       692        108          0          0          0       3305   initialize.o
       156         26          0          0          0       1571   main.o
       328         58          0          4         10       3074   protect.o
       224        204          0          0          0        328   startup.o

    ----------------------------------------------------------------------
      2564        500         84         12         56      18859   Object Totals
         0          0          0          0          0          0   (incl. Generated)
         0          0          0          3          2          0   (incl. Padding)

    ----------------------------------------------------------------------
         0          0          0          0          0          0   Library Totals
         0          0          0          0          0          0   (incl. Padding)

    ----------------------------------------------------------------------

==============================================================================


      Code (inc. data)   RO Data    RW Data    ZI Data      Debug   

      2564        500         84         12         56      17759   Grand Totals
      2564        500         84         12         56      17759   ELF Image Totals
      2564        500         84         12          0          0   ROM Totals

==============================================================================

    Total RO  Size (Code + RO Data)                 2648 (   2.59kB)
    Total RW  Size (RW Data + ZI Data)                68 (   0.07kB)
    Total ROM Size (Code + RO Data + RW Data)       2660 (   2.60kB)

==============================================================================

