Component: ARM Compiler 5.06 update 7 (build 960) Tool: armlink [4d3601]

==============================================================================

Section Cross References

    startup_stm32f10x_md.o(STACK) refers (Special) to heapauxi.o(.text) for __use_two_region_memory
    startup_stm32f10x_md.o(HEAP) refers (Special) to heapauxi.o(.text) for __use_two_region_memory
    startup_stm32f10x_md.o(RESET) refers (Special) to heapauxi.o(.text) for __use_two_region_memory
    startup_stm32f10x_md.o(RESET) refers to startup_stm32f10x_md.o(STACK) for __initial_sp
    startup_stm32f10x_md.o(RESET) refers to startup_stm32f10x_md.o(.text) for Reset_Handler
    startup_stm32f10x_md.o(RESET) refers to stm32f10x_it.o(i.NMI_Handler) for NMI_Handler
    startup_stm32f10x_md.o(RESET) refers to stm32f10x_it.o(i.HardFault_Handler) for HardFault_Handler
    startup_stm32f10x_md.o(RESET) refers to stm32f10x_it.o(i.MemManage_Handler) for MemManage_Handler
    startup_stm32f10x_md.o(RESET) refers to stm32f10x_it.o(i.BusFault_Handler) for BusFault_Handler
    startup_stm32f10x_md.o(RESET) refers to stm32f10x_it.o(i.UsageFault_Handler) for UsageFault_Handler
    startup_stm32f10x_md.o(RESET) refers to stm32f10x_it.o(i.SVC_Handler) for SVC_Handler
    startup_stm32f10x_md.o(RESET) refers to stm32f10x_it.o(i.DebugMon_Handler) for DebugMon_Handler
    startup_stm32f10x_md.o(RESET) refers to stm32f10x_it.o(i.PendSV_Handler) for PendSV_Handler
    startup_stm32f10x_md.o(RESET) refers to stm32f10x_it.o(i.SysTick_Handler) for SysTick_Handler
    startup_stm32f10x_md.o(RESET) refers to control.o(i.TIM2_IRQHandler) for TIM2_IRQHandler
    startup_stm32f10x_md.o(RESET) refers to hcsr04.o(i.TIM3_IRQHandler) for TIM3_IRQHandler
    startup_stm32f10x_md.o(RESET) refers to uart.o(i.USART2_IRQHandler) for USART2_IRQHandler
    startup_stm32f10x_md.o(.text) refers (Special) to heapauxi.o(.text) for __use_two_region_memory
    startup_stm32f10x_md.o(.text) refers to system_stm32f10x.o(i.SystemInit) for SystemInit
    startup_stm32f10x_md.o(.text) refers to __main.o(!!!main) for __main
    startup_stm32f10x_md.o(.text) refers to startup_stm32f10x_md.o(HEAP) for Heap_Mem
    startup_stm32f10x_md.o(.text) refers to startup_stm32f10x_md.o(STACK) for Stack_Mem
    system_stm32f10x.o(i.SetSysClock) refers to system_stm32f10x.o(i.SetSysClockTo72) for SetSysClockTo72
    system_stm32f10x.o(i.SystemCoreClockUpdate) refers to system_stm32f10x.o(.data) for SystemCoreClock
    system_stm32f10x.o(i.SystemInit) refers to system_stm32f10x.o(i.SetSysClock) for SetSysClock
    stm32f10x_adc.o(i.ADC_DeInit) refers to stm32f10x_rcc.o(i.RCC_APB2PeriphResetCmd) for RCC_APB2PeriphResetCmd
    stm32f10x_bkp.o(i.BKP_DeInit) refers to stm32f10x_rcc.o(i.RCC_BackupResetCmd) for RCC_BackupResetCmd
    stm32f10x_can.o(i.CAN_DeInit) refers to stm32f10x_rcc.o(i.RCC_APB1PeriphResetCmd) for RCC_APB1PeriphResetCmd
    stm32f10x_can.o(i.CAN_GetITStatus) refers to stm32f10x_can.o(i.CheckITStatus) for CheckITStatus
    stm32f10x_cec.o(i.CEC_DeInit) refers to stm32f10x_rcc.o(i.RCC_APB1PeriphResetCmd) for RCC_APB1PeriphResetCmd
    stm32f10x_dac.o(i.DAC_DeInit) refers to stm32f10x_rcc.o(i.RCC_APB1PeriphResetCmd) for RCC_APB1PeriphResetCmd
    stm32f10x_flash.o(i.FLASH_EnableWriteProtection) refers to stm32f10x_flash.o(i.FLASH_WaitForLastOperation) for FLASH_WaitForLastOperation
    stm32f10x_flash.o(i.FLASH_EraseAllBank1Pages) refers to stm32f10x_flash.o(i.FLASH_WaitForLastBank1Operation) for FLASH_WaitForLastBank1Operation
    stm32f10x_flash.o(i.FLASH_EraseAllPages) refers to stm32f10x_flash.o(i.FLASH_WaitForLastOperation) for FLASH_WaitForLastOperation
    stm32f10x_flash.o(i.FLASH_EraseOptionBytes) refers to stm32f10x_flash.o(i.FLASH_GetReadOutProtectionStatus) for FLASH_GetReadOutProtectionStatus
    stm32f10x_flash.o(i.FLASH_EraseOptionBytes) refers to stm32f10x_flash.o(i.FLASH_WaitForLastOperation) for FLASH_WaitForLastOperation
    stm32f10x_flash.o(i.FLASH_ErasePage) refers to stm32f10x_flash.o(i.FLASH_WaitForLastOperation) for FLASH_WaitForLastOperation
    stm32f10x_flash.o(i.FLASH_ProgramHalfWord) refers to stm32f10x_flash.o(i.FLASH_WaitForLastOperation) for FLASH_WaitForLastOperation
    stm32f10x_flash.o(i.FLASH_ProgramOptionByteData) refers to stm32f10x_flash.o(i.FLASH_WaitForLastOperation) for FLASH_WaitForLastOperation
    stm32f10x_flash.o(i.FLASH_ProgramWord) refers to stm32f10x_flash.o(i.FLASH_WaitForLastOperation) for FLASH_WaitForLastOperation
    stm32f10x_flash.o(i.FLASH_ReadOutProtection) refers to stm32f10x_flash.o(i.FLASH_WaitForLastOperation) for FLASH_WaitForLastOperation
    stm32f10x_flash.o(i.FLASH_UserOptionByteConfig) refers to stm32f10x_flash.o(i.FLASH_WaitForLastOperation) for FLASH_WaitForLastOperation
    stm32f10x_flash.o(i.FLASH_WaitForLastBank1Operation) refers to stm32f10x_flash.o(i.FLASH_GetBank1Status) for FLASH_GetBank1Status
[...]
    ../fplib/fpinit.s                        0x00000000   Number         0  fpinit.o ABSOLUTE
    ../fplib/fretinf.s                       0x00000000   Number         0  fretinf.o ABSOLUTE
    ../fplib/usenofp.s                       0x00000000   Number         0  usenofp.o ABSOLUTE
    ..\Hardware\EXIT.c                       0x00000000   Number         0  exit.o ABSOLUTE
    ..\Hardware\Encoder.c                    0x00000000   Number         0  encoder.o ABSOLUTE
    ..\Hardware\HCSR04.c                     0x00000000   Number         0  hcsr04.o ABSOLUTE
    ..\Hardware\MPU6050.c                    0x00000000   Number         0  mpu6050.o ABSOLUTE
    ..\Hardware\OLED.c                       0x00000000   Number         0  oled.o ABSOLUTE
    ..\Hardware\PWM.c                        0x00000000   Number         0  pwm.o ABSOLUTE
    ..\Hardware\bibibi.c                     0x00000000   Number         0  bibibi.o ABSOLUTE
    ..\Hardware\control.c                    0x00000000   Number         0  control.o ABSOLUTE
    ..\Hardware\motor.c                      0x00000000   Number         0  motor.o ABSOLUTE
    ..\Libraries\misc.c                      0x00000000   Number         0  misc.o ABSOLUTE
    ..\Libraries\stm32f10x_adc.c             0x00000000   Number         0  stm32f10x_adc.o ABSOLUTE
    ..\Libraries\stm32f10x_bkp.c             0x00000000   Number         0  stm32f10x_bkp.o ABSOLUTE
    ..\Libraries\stm32f10x_can.c             0x00000000   Number         0  stm32f10x_can.o ABSOLUTE
    ..\Libraries\stm32f10x_cec.c             0x00000000   Number         0  stm32f10x_cec.o ABSOLUTE
    ..\Libraries\stm32f10x_crc.c             0x00000000   Number         0  stm32f10x_crc.o ABSOLUTE
    ..\Libraries\stm32f10x_dac.c             0x00000000   Number         0  stm32f10x_dac.o ABSOLUTE
    ..\Libraries\stm32f10x_dbgmcu.c          0x00000000   Number         0  stm32f10x_dbgmcu.o ABSOLUTE
    ..\Libraries\stm32f10x_dma.c             0x00000000   Number         0  stm32f10x_dma.o ABSOLUTE
    ..\Libraries\stm32f10x_exti.c            0x00000000   Number         0  stm32f10x_exti.o ABSOLUTE
    ..\Libraries\stm32f10x_flash.c           0x00000000   Number         0  stm32f10x_flash.o ABSOLUTE
    ..\Libraries\stm32f10x_fsmc.c            0x00000000   Number         0  stm32f10x_fsmc.o ABSOLUTE
    ..\Libraries\stm32f10x_gpio.c            0x00000000   Number         0  stm32f10x_gpio.o ABSOLUTE
    ..\Libraries\stm32f10x_i2c.c             0x00000000   Number         0  stm32f10x_i2c.o ABSOLUTE
    ..\Libraries\stm32f10x_iwdg.c            0x00000000   Number         0  stm32f10x_iwdg.o ABSOLUTE
    ..\Libraries\stm32f10x_pwr.c             0x00000000   Number         0  stm32f10x_pwr.o ABSOLUTE
    ..\Libraries\stm32f10x_rcc.c             0x00000000   Number         0  stm32f10x_rcc.o ABSOLUTE
    ..\Libraries\stm32f10x_rtc.c             0x00000000   Number         0  stm32f10x_rtc.o ABSOLUTE
    ..\Libraries\stm32f10x_sdio.c            0x00000000   Number         0  stm32f10x_sdio.o ABSOLUTE
    ..\Libraries\stm32f10x_spi.c             0x00000000   Number         0  stm32f10x_spi.o ABSOLUTE
    ..\Libraries\stm32f10x_tim.c             0x00000000   Number         0  stm32f10x_tim.o ABSOLUTE
    ..\Libraries\stm32f10x_usart.c           0x00000000   Number         0  stm32f10x_usart.o ABSOLUTE
    ..\Libraries\stm32f10x_wwdg.c            0x00000000   Number         0  stm32f10x_wwdg.o ABSOLUTE
    ..\Startup\core_cm3.c                    0x00000000   Number         0  core_cm3.o ABSOLUTE
    ..\Startup\startup_stm32f10x_md.s        0x00000000   Number         0  startup_stm32f10x_md.o ABSOLUTE
    ..\Startup\system_stm32f10x.c            0x00000000   Number         0  system_stm32f10x.o ABSOLUTE
    ..\System\Delay.c                        0x00000000   Number         0  delay.o ABSOLUTE
    ..\System\MyI2C.c                        0x00000000   Number         0  myi2c.o ABSOLUTE
    ..\System\uart.c                         0x00000000   Number         0  uart.o ABSOLUTE
    ..\User\main.c                           0x00000000   Number         0  main.o ABSOLUTE
    ..\User\stm32f10x_it.c                   0x00000000   Number         0  stm32f10x_it.o ABSOLUTE
    ..\\Startup\\core_cm3.c                  0x00000000   Number         0  core_cm3.o ABSOLUTE
    dc.s                                     0x00000000   Number         0  dc.o ABSOLUTE
    RESET                                    0x08000000   Section      236  startup_stm32f10x_md.o(RESET)
    !!!main                                  0x080000ec   Section        8  __main.o(!!!main)
    !!!scatter                               0x080000f4   Section       52  __scatter.o(!!!scatter)
    !!handler_copy                           0x08000128   Section       26  __scatter_copy.o(!!handler_copy)
    !!handler_zi                             0x08000144   Section       28  __scatter_zi.o(!!handler_zi)
    .ARM.Collect$$libinit$$00000000          0x08000160   Section        2  libinit.o(.ARM.Collect$$libinit$$00000000)
    .ARM.Collect$$libinit$$00000002          0x08000162   Section        0  libinit2.o(.ARM.Collect$$libinit$$00000002)
    .ARM.Collect$$libinit$$00000004          0x08000162   Section        0  libinit2.o(.ARM.Collect$$libinit$$00000004)
    .ARM.Collect$$libinit$$0000000A          0x08000162   Section        0  libinit2.o(.ARM.Collect$$libinit$$0000000A)
    .ARM.Collect$$libinit$$0000000C          0x08000162   Section        0  libinit2.o(.ARM.Collect$$libinit$$0000000C)
    .ARM.Collect$$libinit$$0000000E          0x08000162   Section        0  libinit2.o(.ARM.Collect$$libinit$$0000000E)
    .ARM.Collect$$libinit$$00000011          0x08000162   Section        0  libinit2.o(.ARM.Collect$$libinit$$00000011)
    .ARM.Collect$$libinit$$00000013          0x08000162   Section        0  libinit2.o(.ARM.Collect$$libinit$$00000013)
    .ARM.Collect$$libinit$$00000015          0x08000162   Section        0  libinit2.o(.ARM.Collect$$libinit$$00000015)
    .ARM.Collect$$libinit$$00000017          0x08000162   Section        0  libinit2.o(.ARM.Collect$$libinit$$00000017)
    .ARM.Collect$$libinit$$00000019          0x08000162   Section        0  libinit2.o(.ARM.Collect$$libinit$$00000019)
    .ARM.Collect$$libinit$$0000001B          0x08000162   Section        0  libinit2.o(.ARM.Collect$$libinit$$0000001B)
    .ARM.Collect$$libinit$$0000001D          0x08000162   Section        0  libinit2.o(.ARM.Collect$$libinit$$0000001D)
    .ARM.Collect$$libinit$$0000001F          0x08000162   Section        0  libinit2.o(.ARM.Collect$$libinit$$0000001F)
    .ARM.Collect$$libinit$$00000021          0x08000162   Section        0  libinit2.o(.ARM.Collect$$libinit$$00000021)
    .ARM.Collect$$libinit$$00000023          0x08000162   Section        0  libinit2.o(.ARM.Collect$$libinit$$00000023)
    .ARM.Collect$$libinit$$00000025          0x08000162   Section        0  libinit2.o(.ARM.Collect$$libinit$$00000025)
    .ARM.Collect$$libinit$$0000002C          0x08000162   Section        0  libinit2.o(.ARM.Collect$$libinit$$0000002C)
    .ARM.Collect$$libinit$$0000002E          0x08000162   Section        0  libinit2.o(.ARM.Collect$$libinit$$0000002E)
    .ARM.Collect$$libinit$$00000030          0x08000162   Section        0  libinit2.o(.ARM.Collect$$libinit$$00000030)
    .ARM.Collect$$libinit$$00000032          0x08000162   Section        0  libinit2.o(.ARM.Collect$$libinit$$00000032)
    .ARM.Collect$$libinit$$00000033          0x08000162   Section        2  libinit2.o(.ARM.Collect$$libinit$$00000033)
    .ARM.Collect$$libshutdown$$00000000      0x08000164   Section        2  libshutdown.o(.ARM.Collect$$libshutdown$$00000000)
    .ARM.Collect$$libshutdown$$00000002      0x08000166   Section        0  libshutdown2.o(.ARM.Collect$$libshutdown$$00000002)
    .ARM.Collect$$libshutdown$$00000004      0x08000166   Section        0  libshutdown2.o(.ARM.Collect$$libshutdown$$00000004)
    .ARM.Collect$$libshutdown$$00000006      0x08000166   Section        0  libshutdown2.o(.ARM.Collect$$libshutdown$$00000006)
    .ARM.Collect$$libshutdown$$00000009      0x08000166   Section        0  libshutdown2.o(.ARM.Collect$$libshutdown$$00000009)
    .ARM.Collect$$libshutdown$$0000000C      0x08000166   Section        0  libshutdown2.o(.ARM.Collect$$libshutdown$$0000000C)
    .ARM.Collect$$libshutdown$$0000000E      0x08000166   Section        0  libshutdown2.o(.ARM.Collect$$libshutdown$$0000000E)
    .ARM.Collect$$libshutdown$$00000011      0x08000166   Section        0  libshutdown2.o(.ARM.Collect$$libshutdown$$00000011)
    .ARM.Collect$$libshutdown$$00000012      0x08000166   Section        2  libshutdown2.o(.ARM.Collect$$libshutdown$$00000012)
    .ARM.Collect$$rtentry$$00000000          0x08000168   Section        0  __rtentry.o(.ARM.Collect$$rtentry$$00000000)
    .ARM.Collect$$rtentry$$00000002          0x08000168   Section        0  __rtentry2.o(.ARM.Collect$$rtentry$$00000002)
    .ARM.Collect$$rtentry$$00000004          0x08000168   Section        6  __rtentry4.o(.ARM.Collect$$rtentry$$00000004)
    .ARM.Collect$$rtentry$$00000009          0x0800016e   Section        0  __rtentry2.o(.ARM.Collect$$rtentry$$00000009)
    .ARM.Collect$$rtentry$$0000000A          0x0800016e   Section        4  __rtentry2.o(.ARM.Collect$$rtentry$$0000000A)
    .ARM.Collect$$rtentry$$0000000C          0x08000172   Section        0  __rtentry2.o(.ARM.Collect$$rtentry$$0000000C)
    .ARM.Collect$$rtentry$$0000000D          0x08000172   Section        8  __rtentry2.o(.ARM.Collect$$rtentry$$0000000D)
    .ARM.Collect$$rtexit$$00000000           0x0800017a   Section        2  rtexit.o(.ARM.Collect$$rtexit$$00000000)
    .ARM.Collect$$rtexit$$00000002           0x0800017c   Section        0  rtexit2.o(.ARM.Collect$$rtexit$$00000002)
    .ARM.Collect$$rtexit$$00000003           0x0800017c   Section        4  rtexit2.o(.ARM.Collect$$rtexit$$00000003)
    .ARM.Collect$$rtexit$$00000004           0x08000180   Section        6  rtexit2.o(.ARM.Collect$$rtexit$$00000004)
    .text                                    0x08000188   Section       64  startup_stm32f10x_md.o(.text)
    .text                                    0x080001c8   Section        0  heapauxi.o(.text)
    .text                                    0x080001ce   Section       74  sys_stackheap_outer.o(.text)
    .text                                    0x08000218   Section        0  exit.o(.text)
    .text                                    0x0800022c   Section        8  libspace.o(.text)
    .text                                    0x08000234   Section        0  sys_exit.o(.text)
    .text                                    0x08000240   Section        2  use_no_semi.o(.text)
    .text                                    0x08000242   Section        0  indicate_semi.o(.text)
    i.BusFault_Handler                       0x08000242   Section        0  stm32f10x_it.o(i.BusFault_Handler)
    i.DebugMon_Handler                       0x08000246   Section        0  stm32f10x_it.o(i.DebugMon_Handler)
    i.Delay_ms                               0x08000248   Section        0  delay.o(i.Delay_ms)
    i.Delay_us                               0x08000260   Section        0  delay.o(i.Delay_us)
    i.Displacement                           0x08000290   Section        0  control.o(i.Displacement)
    i.EXIT_Init                              0x08000390   Section        0  exit.o(i.EXIT_Init)
    i.Encoder_Init                           0x080003b8   Section        0  encoder.o(i.Encoder_Init)
    i.Final_PWM_Out                          0x080004f0   Section        0  control.o(i.Final_PWM_Out)
    i.GPIO_Init                              0x080005b8   Section        0  stm32f10x_gpio.o(i.GPIO_Init)
    i.GPIO_ReadInputDataBit                  0x080006ce   Section        0  stm32f10x_gpio.o(i.GPIO_ReadInputDataBit)
    i.GPIO_ResetBits                         0x080006e0   Section        0  stm32f10x_gpio.o(i.GPIO_ResetBits)
    i.GPIO_SetBits                           0x080006e4   Section        0  stm32f10x_gpio.o(i.GPIO_SetBits)
    i.GPIO_WriteBit                          0x080006e8   Section        0  stm32f10x_gpio.o(i.GPIO_WriteBit)
    i.Get_Encoder                            0x080006f4   Section        0  encoder.o(i.Get_Encoder)
    i.HardFault_Handler                      0x08000734   Section        0  stm32f10x_it.o(i.HardFault_Handler)
    i.MPU6050_GetData                        0x08000738   Section        0  mpu6050.o(i.MPU6050_GetData)
    i.MPU6050_Init                           0x0800089c   Section        0  mpu6050.o(i.MPU6050_Init)
    i.MPU6050_ReadReg                        0x080008d4   Section        0  mpu6050.o(i.MPU6050_ReadReg)
    i.MPU6050_WriteReg                       0x08000912   Section        0  mpu6050.o(i.MPU6050_WriteReg)
    i.MemManage_Handler                      0x08000940   Section        0  stm32f10x_it.o(i.MemManage_Handler)
    i.Mode_Car                               0x08000944   Section        0  main.o(i.Mode_Car)
    i.Motor_PWMLoad                          0x080009c4   Section        0  motor.o(i.Motor_PWMLoad)
    i.Motot_Init                             0x08000adc   Section        0  motor.o(i.Motot_Init)
    i.MyI2C_Init                             0x08000b08   Section        0  myi2c.o(i.MyI2C_Init)
    i.MyI2C_R_SDA                            0x08000b40   Section        0  myi2c.o(i.MyI2C_R_SDA)
    i.MyI2C_ReceiveAck                       0x08000b5c   Section        0  myi2c.o(i.MyI2C_ReceiveAck)
    i.MyI2C_ReceiveByte                      0x08000b7a   Section        0  myi2c.o(i.MyI2C_ReceiveByte)
    i.MyI2C_SendAck                          0x08000bae   Section        0  myi2c.o(i.MyI2C_SendAck)
    i.MyI2C_SendByte                         0x08000bc6   Section        0  myi2c.o(i.MyI2C_SendByte)
    i.MyI2C_Start                            0x08000bf0   Section        0  myi2c.o(i.MyI2C_Start)
    i.MyI2C_Stop                             0x08000c0c   Section        0  myi2c.o(i.MyI2C_Stop)
    i.MyI2C_W_SCL                            0x08000c24   Section        0  myi2c.o(i.MyI2C_W_SCL)
    i.MyI2C_W_SDA                            0x08000c40   Section        0  myi2c.o(i.MyI2C_W_SDA)
    i.NMI_Handler                            0x08000c5c   Section        0  stm32f10x_it.o(i.NMI_Handler)
    i.NVIC_Init                              0x08000c60   Section        0  misc.o(i.NVIC_Init)
    i.NVIC_PriorityGroupConfig               0x08000cd0   Section        0  misc.o(i.NVIC_PriorityGroupConfig)
    i.OLED_Clear                             0x08000ce4   Section        0  oled.o(i.OLED_Clear)
    i.OLED_I2C_Init                          0x08000d10   Section        0  oled.o(i.OLED_I2C_Init)
    i.OLED_I2C_SendByte                      0x08000d60   Section        0  oled.o(i.OLED_I2C_SendByte)
    i.OLED_I2C_Start                         0x08000db4   Section        0  oled.o(i.OLED_I2C_Start)
    i.OLED_I2C_Stop                          0x08000de8   Section        0  oled.o(i.OLED_I2C_Stop)
    i.OLED_Init                              0x08000e10   Section        0  oled.o(i.OLED_Init)
    i.OLED_Pow                               0x08000ebe   Section        0  oled.o(i.OLED_Pow)
    i.OLED_SetCursor                         0x08000ed2   Section        0  oled.o(i.OLED_SetCursor)
    i.OLED_ShowChar                          0x08000ef4   Section        0  oled.o(i.OLED_ShowChar)
    i.OLED_ShowNum                           0x08000f68   Section        0  oled.o(i.OLED_ShowNum)
    i.OLED_ShowSignedNum                     0x08000fac   Section        0  oled.o(i.OLED_ShowSignedNum)
    i.OLED_WriteCommand                      0x08001012   Section        0  oled.o(i.OLED_WriteCommand)
    i.OLED_WriteData                         0x08001032   Section        0  oled.o(i.OLED_WriteData)
    i.PID_Init                               0x08001052   Section        0  control.o(i.PID_Init)
    i.PWM_Init                               0x080010a8   Section        0  pwm.o(i.PWM_Init)
    i.PendSV_Handler                         0x08001184   Section        0  stm32f10x_it.o(i.PendSV_Handler)
    i.RCC_APB1PeriphClockCmd                 0x08001188   Section        0  stm32f10x_rcc.o(i.RCC_APB1PeriphClockCmd)
    i.RCC_APB2PeriphClockCmd                 0x080011a8   Section        0  stm32f10x_rcc.o(i.RCC_APB2PeriphClockCmd)
    i.RCC_GetClocksFreq                      0x080011c8   Section        0  stm32f10x_rcc.o(i.RCC_GetClocksFreq)
    i.SVC_Handler                            0x0800129c   Section        0  stm32f10x_it.o(i.SVC_Handler)
    i.Send                                   0x080012a0   Section        0  uart.o(i.Send)
    i.SetSysClock                            0x080012ac   Section        0  system_stm32f10x.o(i.SetSysClock)
    SetSysClock                              0x080012ad   Thumb Code     8  system_stm32f10x.o(i.SetSysClock)
    i.SetSysClockTo72                        0x080012b4   Section        0  system_stm32f10x.o(i.SetSysClockTo72)
    SetSysClockTo72                          0x080012b5   Thumb Code   214  system_stm32f10x.o(i.SetSysClockTo72)
    i.Set_Med_Displacement                   0x08001394   Section        0  control.o(i.Set_Med_Displacement)
    i.SysTick_Handler                        0x080013ec   Section        0  stm32f10x_it.o(i.SysTick_Handler)
    i.SystemInit                             0x080013f0   Section        0  system_stm32f10x.o(i.SystemInit)
    i.TI1_Config                             0x08001450   Section        0  stm32f10x_tim.o(i.TI1_Config)
    TI1_Config                               0x08001451   Thumb Code   108  stm32f10x_tim.o(i.TI1_Config)
    i.TI2_Config                             0x080014d0   Section        0  stm32f10x_tim.o(i.TI2_Config)
    TI2_Config                               0x080014d1   Thumb Code   130  stm32f10x_tim.o(i.TI2_Config)
    i.TI3_Config                             0x08001568   Section        0  stm32f10x_tim.o(i.TI3_Config)
    TI3_Config                               0x08001569   Thumb Code   122  stm32f10x_tim.o(i.TI3_Config)
    i.TI4_Config                             0x080015f8   Section        0  stm32f10x_tim.o(i.TI4_Config)
    TI4_Config                               0x080015f9   Thumb Code   130  stm32f10x_tim.o(i.TI4_Config)
    i.TIM2_IRQHandler                        0x08001690   Section        0  control.o(i.TIM2_IRQHandler)
    i.TIM3_IRQHandler                        0x08001814   Section        0  hcsr04.o(i.TIM3_IRQHandler)
    i.TIM_ARRPreloadConfig                   0x08001848   Section        0  stm32f10x_tim.o(i.TIM_ARRPreloadConfig)
    i.TIM_ClearFlag                          0x08001860   Section        0  stm32f10x_tim.o(i.TIM_ClearFlag)
    i.TIM_ClearITPendingBit                  0x08001866   Section        0  stm32f10x_tim.o(i.TIM_ClearITPendingBit)
    i.TIM_Cmd                                0x0800186c   Section        0  stm32f10x_tim.o(i.TIM_Cmd)
    i.TIM_CtrlPWMOutputs                     0x08001884   Section        0  stm32f10x_tim.o(i.TIM_CtrlPWMOutputs)
    i.TIM_EncoderInterfaceConfig             0x080018a2   Section        0  stm32f10x_tim.o(i.TIM_EncoderInterfaceConfig)
    i.TIM_GetCounter                         0x080018e4   Section        0  stm32f10x_tim.o(i.TIM_GetCounter)
    i.TIM_GetITStatus                        0x080018ea   Section        0  stm32f10x_tim.o(i.TIM_GetITStatus)
    i.TIM_ICInit                             0x0800190c   Section        0  stm32f10x_tim.o(i.TIM_ICInit)
    i.TIM_ICStructInit                       0x080019b8   Section        0  stm32f10x_tim.o(i.TIM_ICStructInit)
    i.TIM_ITConfig                           0x080019ca   Section        0  stm32f10x_tim.o(i.TIM_ITConfig)
    i.TIM_InternalClockConfig                0x080019dc   Section        0  stm32f10x_tim.o(i.TIM_InternalClockConfig)
    i.TIM_OC1Init                            0x080019e8   Section        0  stm32f10x_tim.o(i.TIM_OC1Init)
    i.TIM_OC1PolarityConfig                  0x08001a80   Section        0  stm32f10x_tim.o(i.TIM_OC1PolarityConfig)
    i.TIM_OC1PreloadConfig                   0x08001a92   Section        0  stm32f10x_tim.o(i.TIM_OC1PreloadConfig)
    i.TIM_OC2Init                            0x08001aa4   Section        0  stm32f10x_tim.o(i.TIM_OC2Init)
    i.TIM_OC2PolarityConfig                  0x08001b48   Section        0  stm32f10x_tim.o(i.TIM_OC2PolarityConfig)
    i.TIM_OC2PreloadConfig                   0x08001b62   Section        0  stm32f10x_tim.o(i.TIM_OC2PreloadConfig)
    i.TIM_OC3Init                            0x08001b7c   Section        0  stm32f10x_tim.o(i.TIM_OC3Init)
    i.TIM_OC3PolarityConfig                  0x08001c1c   Section        0  stm32f10x_tim.o(i.TIM_OC3PolarityConfig)
    i.TIM_OC3PreloadConfig                   0x08001c36   Section        0  stm32f10x_tim.o(i.TIM_OC3PreloadConfig)
    i.TIM_OC4Init                            0x08001c48   Section        0  stm32f10x_tim.o(i.TIM_OC4Init)
    i.TIM_OC4PolarityConfig                  0x08001cc4   Section        0  stm32f10x_tim.o(i.TIM_OC4PolarityConfig)
    i.TIM_OC4PreloadConfig                   0x08001cde   Section        0  stm32f10x_tim.o(i.TIM_OC4PreloadConfig)
    i.TIM_OCStructInit                       0x08001cf8   Section        0  stm32f10x_tim.o(i.TIM_OCStructInit)
    i.TIM_SetCompare1                        0x08001d0c   Section        0  stm32f10x_tim.o(i.TIM_SetCompare1)
    i.TIM_SetCompare2                        0x08001d10   Section        0  stm32f10x_tim.o(i.TIM_SetCompare2)
    i.TIM_SetCompare3                        0x08001d14   Section        0  stm32f10x_tim.o(i.TIM_SetCompare3)
    i.TIM_SetCompare4                        0x08001d18   Section        0  stm32f10x_tim.o(i.TIM_SetCompare4)
    i.TIM_SetCounter                         0x08001d1e   Section        0  stm32f10x_tim.o(i.TIM_SetCounter)
    i.TIM_SetIC1Prescaler                    0x08001d22   Section        0  stm32f10x_tim.o(i.TIM_SetIC1Prescaler)
    i.TIM_SetIC2Prescaler                    0x08001d34   Section        0  stm32f10x_tim.o(i.TIM_SetIC2Prescaler)
    i.TIM_SetIC3Prescaler                    0x08001d4e   Section        0  stm32f10x_tim.o(i.TIM_SetIC3Prescaler)
    i.TIM_SetIC4Prescaler                    0x08001d60   Section        0  stm32f10x_tim.o(i.TIM_SetIC4Prescaler)
    i.TIM_TimeBaseInit                       0x08001d7c   Section        0  stm32f10x_tim.o(i.TIM_TimeBaseInit)
    i.Turnment                               0x08001e20   Section        0  control.o(i.Turnment)
    i.USART2_IRQHandler                      0x08001e54   Section        0  uart.o(i.USART2_IRQHandler)
    i.USART_ClearFlag                        0x08001fdc   Section        0  stm32f10x_usart.o(i.USART_ClearFlag)
    i.USART_ClearITPendingBit                0x08001fee   Section        0  stm32f10x_usart.o(i.USART_ClearITPendingBit)
    i.USART_Cmd                              0x0800200c   Section        0  stm32f10x_usart.o(i.USART_Cmd)
    i.USART_GetITStatus                      0x08002024   Section        0  stm32f10x_usart.o(i.USART_GetITStatus)
    i.USART_ITConfig                         0x08002078   Section        0  stm32f10x_usart.o(i.USART_ITConfig)
    i.USART_Init                             0x080020c4   Section        0  stm32f10x_usart.o(i.USART_Init)
    i.USART_ReceiveData                      0x0800219c   Section        0  stm32f10x_usart.o(i.USART_ReceiveData)
    i.USARTx_Init                            0x080021a8   Section        0  uart.o(i.USARTx_Init)
    i.UsageFault_Handler                     0x08002254   Section        0  stm32f10x_it.o(i.UsageFault_Handler)
    i.Velocity                               0x08002258   Section        0  control.o(i.Velocity)
    i.bibibi                                 0x08002330   Section        0  bibibi.o(i.bibibi)
    i.bibibi_init                            0x08002354   Section        0  bibibi.o(i.bibibi_init)
    i.colorsearch                            0x08002380   Section        0  uart.o(i.colorsearch)
    i.main                                   0x0800238c   Section        0  main.o(i.main)
    i.turn                                   0x080024a8   Section        0  motor.o(i.turn)
    i.x_position                             0x08002534   Section        0  uart.o(i.x_position)
    x$fpl$d2f                                0x08002540   Section       98  d2f.o(x$fpl$d2f)
    x$fpl$ddiv                               0x080025a4   Section      688  ddiv.o(x$fpl$ddiv)
    ddiv_entry                               0x080025ab   Thumb Code     0  ddiv.o(x$fpl$ddiv)
    x$fpl$dmul                               0x08002854   Section      340  dmul.o(x$fpl$dmul)
    x$fpl$dnaninf                            0x080029a8   Section      156  dnaninf.o(x$fpl$dnaninf)
    x$fpl$dretinf                            0x08002a44   Section       12  dretinf.o(x$fpl$dretinf)
    x$fpl$f2d                                0x08002a50   Section       86  f2d.o(x$fpl$f2d)
    x$fpl$fadd                               0x08002aa8   Section      196  faddsub_clz.o(x$fpl$fadd)
    _fadd1                                   0x08002ab7   Thumb Code     0  faddsub_clz.o(x$fpl$fadd)
    x$fpl$fcmpinf                            0x08002b6c   Section       24  fcmpi.o(x$fpl$fcmpinf)
    x$fpl$fdiv                               0x08002b84   Section      388  fdiv.o(x$fpl$fdiv)
    _fdiv1                                   0x08002b85   Thumb Code     0  fdiv.o(x$fpl$fdiv)
    x$fpl$feqf                               0x08002d08   Section      104  feqf.o(x$fpl$feqf)
    x$fpl$ffix                               0x08002d70   Section       54  ffix.o(x$fpl$ffix)
    x$fpl$ffixu                              0x08002da8   Section       62  ffixu.o(x$fpl$ffixu)
    x$fpl$fflt                               0x08002de8   Section       48  fflt_clz.o(x$fpl$fflt)
    x$fpl$ffltu                              0x08002e18   Section       38  fflt_clz.o(x$fpl$ffltu)
    x$fpl$fleqf                              0x08002e40   Section      104  fleqf.o(x$fpl$fleqf)
    x$fpl$fmul                               0x08002ea8   Section      258  fmul.o(x$fpl$fmul)
    x$fpl$fnaninf                            0x08002faa   Section      140  fnaninf.o(x$fpl$fnaninf)
    x$fpl$fretinf                            0x08003036   Section       10  fretinf.o(x$fpl$fretinf)
    x$fpl$frsb                               0x08003040   Section       20  faddsub_clz.o(x$fpl$frsb)
    x$fpl$fsub                               0x08003054   Section      234  faddsub_clz.o(x$fpl$fsub)
    _fsub1                                   0x08003063   Thumb Code     0  faddsub_clz.o(x$fpl$fsub)
    .constdata                               0x0800313e   Section     1520  oled.o(.constdata)
    x$fpl$usenofp                            0x0800313e   Section        0  usenofp.o(x$fpl$usenofp)
    .data                                    0x20000000   Section       20  stm32f10x_rcc.o(.data)
    APBAHBPrescTable                         0x20000000   Data          16  stm32f10x_rcc.o(.data)
    ADCPrescTable                            0x20000010   Data           4  stm32f10x_rcc.o(.data)
    .data                                    0x20000014   Section        8  uart.o(.data)
    Cx                                       0x20000014   Data           1  uart.o(.data)
    Cy                                       0x20000015   Data           1  uart.o(.data)
    Cw_now                                   0x20000016   Data           1  uart.o(.data)
    Ch                                       0x20000017   Data           1  uart.o(.data)
    Cw_last                                  0x20000018   Data           1  uart.o(.data)
    RxCounter1                               0x20000019   Data           1  uart.o(.data)
    RxState                                  0x2000001a   Data           1  uart.o(.data)
    RxFlag1                                  0x2000001b   Data           1  uart.o(.data)
    .data                                    0x20000020   Section       16  hcsr04.o(.data)
    .data                                    0x20000030   Section      140  control.o(.data)
    i                                        0x20000080   Data           1  control.o(.data)
    PWM_Out                                  0x20000084   Data           4  control.o(.data)
    Displacement_Err                         0x20000088   Data           4  control.o(.data)
    Displacement_Low_Err                     0x2000008c   Data           4  control.o(.data)
    Displacement_Low_Err_last                0x20000090   Data           4  control.o(.data)
    Displacement_Err_S                       0x20000094   Data           4  control.o(.data)
    PWM_Out                                  0x20000098   Data           4  control.o(.data)
    Velocity_Err                             0x2000009c   Data           4  control.o(.data)
    Velocity_Low_Err                         0x200000a0   Data           4  control.o(.data)
    Velocity_Low_Err_last                    0x200000a4   Data           4  control.o(.data)
    PWM_Out                                  0x200000a8   Data           4  control.o(.data)
    PWM_Out                                  0x200000ac   Data           4  control.o(.data)
    Velocity_reality                         0x200000b0   Data           4  control.o(.data)
    Velocity_Low_reality                     0x200000b4   Data           4  control.o(.data)
    Velocity_Low_reality_last                0x200000b8   Data           4  control.o(.data)
    .data                                    0x200000bc   Section       14  main.o(.data)
    i                                        0x200000c8   Data           2  main.o(.data)
    .bss                                     0x200000cc   Section       20  uart.o(.bss)
    RxBuffer1                                0x200000cc   Data          20  uart.o(.bss)
    .bss                                     0x200000e0   Section       96  libspace.o(.bss)
    HEAP                                     0x20000140   Section      512  startup_stm32f10x_md.o(HEAP)
    Heap_Mem                                 0x20000140   Data         512  startup_stm32f10x_md.o(HEAP)
    STACK                                    0x20000340   Section     1024  startup_stm32f10x_md.o(STACK)
    Stack_Mem                                0x20000340   Data        1024  startup_stm32f10x_md.o(STACK)
    __initial_sp                             0x20000740   Data           0  startup_stm32f10x_md.o(STACK)

    Global Symbols

    Symbol Name                              Value     Ov Type        Size  Object(Section)

    BuildAttributes$$THM_ISAv4$P$D$K$B$S$PE$A:L22UL41UL21$X:L11$S22US41US21$IEEE1$IW$USESV6$~STKCKD$USESV7$~SHL$OSPACE$ROPI$EBA8$UX$STANDARDLIB$REQ8$PRES8$EABIv2 0x00000000   Number         0  anon$$obj.o ABSOLUTE
    __ARM_use_no_argv                        0x00000000   Number         0  main.o ABSOLUTE
    __ARM_exceptions_init                     - Undefined Weak Reference
    __alloca_initialize                       - Undefined Weak Reference
    __arm_fini_                               - Undefined Weak Reference
    __arm_preinit_                            - Undefined Weak Reference
    __cpp_initialize__aeabi_                  - Undefined Weak Reference
    __cxa_finalize                            - Undefined Weak Reference
    __rt_locale                               - Undefined Weak Reference
    __sigvec_lookup                           - Undefined Weak Reference
    _atexit_init                              - Undefined Weak Reference
    _call_atexit_fns                          - Undefined Weak Reference
    _clock_init                               - Undefined Weak Reference
    _fp_trap_init                             - Undefined Weak Reference
    _fp_trap_shutdown                         - Undefined Weak Reference
    _get_lc_collate                           - Undefined Weak Reference
    _get_lc_ctype                             - Undefined Weak Reference
    _get_lc_monetary                          - Undefined Weak Reference
    _get_lc_numeric                           - Undefined Weak Reference
    _get_lc_time                              - Undefined Weak Reference
    _getenv_init                              - Undefined Weak Reference
    _handle_redirection                       - Undefined Weak Reference
    _init_alloc                               - Undefined Weak Reference
    _init_user_alloc                          - Undefined Weak Reference
    _initio                                   - Undefined Weak Reference
    _rand_init                                - Undefined Weak Reference
    _signal_finish                            - Undefined Weak Reference
    _signal_init                              - Undefined Weak Reference
    _terminate_alloc                          - Undefined Weak Reference
    _terminate_user_alloc                     - Undefined Weak Reference
    _terminateio                              - Undefined Weak Reference
    __Vectors_Size                           0x000000ec   Number         0  startup_stm32f10x_md.o ABSOLUTE
    __Vectors                                0x08000000   Data           4  startup_stm32f10x_md.o(RESET)
    __Vectors_End                            0x080000ec   Data           0  startup_stm32f10x_md.o(RESET)
    __main                                   0x080000ed   Thumb Code     8  __main.o(!!!main)
    __scatterload                            0x080000f5   Thumb Code     0  __scatter.o(!!!scatter)
    __scatterload_rt2                        0x080000f5   Thumb Code    44  __scatter.o(!!!scatter)
    __scatterload_rt2_thumb_only             0x080000f5   Thumb Code     0  __scatter.o(!!!scatter)
    __scatterload_null                       0x08000103   Thumb Code     0  __scatter.o(!!!scatter)
    __scatterload_copy                       0x08000129   Thumb Code    26  __scatter_copy.o(!!handler_copy)
    __scatterload_zeroinit                   0x08000145   Thumb Code    28  __scatter_zi.o(!!handler_zi)
    __rt_lib_init                            0x08000161   Thumb Code     0  libinit.o(.ARM.Collect$$libinit$$00000000)
    __rt_lib_init_alloca_1                   0x08000163   Thumb Code     0  libinit2.o(.ARM.Collect$$libinit$$0000002E)
    __rt_lib_init_argv_1                     0x08000163   Thumb Code     0  libinit2.o(.ARM.Collect$$libinit$$0000002C)
    __rt_lib_init_atexit_1                   0x08000163   Thumb Code     0  libinit2.o(.ARM.Collect$$libinit$$0000001B)
    __rt_lib_init_clock_1                    0x08000163   Thumb Code     0  libinit2.o(.ARM.Collect$$libinit$$00000021)
    __rt_lib_init_cpp_1                      0x08000163   Thumb Code     0  libinit2.o(.ARM.Collect$$libinit$$00000032)
    __rt_lib_init_exceptions_1               0x08000163   Thumb Code     0  libinit2.o(.ARM.Collect$$libinit$$00000030)
    __rt_lib_init_fp_1                       0x08000163   Thumb Code     0  libinit2.o(.ARM.Collect$$libinit$$00000002)
    __rt_lib_init_fp_trap_1                  0x08000163   Thumb Code     0  libinit2.o(.ARM.Collect$$libinit$$0000001F)
    __rt_lib_init_getenv_1                   0x08000163   Thumb Code     0  libinit2.o(.ARM.Collect$$libinit$$00000023)
    __rt_lib_init_heap_1                     0x08000163   Thumb Code     0  libinit2.o(.ARM.Collect$$libinit$$0000000A)
    __rt_lib_init_lc_collate_1               0x08000163   Thumb Code     0  libinit2.o(.ARM.Collect$$libinit$$00000011)
    __rt_lib_init_lc_ctype_1                 0x08000163   Thumb Code     0  libinit2.o(.ARM.Collect$$libinit$$00000013)
    __rt_lib_init_lc_monetary_1              0x08000163   Thumb Code     0  libinit2.o(.ARM.Collect$$libinit$$00000015)
    __rt_lib_init_lc_numeric_1               0x08000163   Thumb Code     0  libinit2.o(.ARM.Collect$$libinit$$00000017)
    __rt_lib_init_lc_time_1                  0x08000163   Thumb Code     0  libinit2.o(.ARM.Collect$$libinit$$00000019)
    __rt_lib_init_preinit_1                  0x08000163   Thumb Code     0  libinit2.o(.ARM.Collect$$libinit$$00000004)
    __rt_lib_init_rand_1                     0x08000163   Thumb Code     0  libinit2.o(.ARM.Collect$$libinit$$0000000E)
    __rt_lib_init_return                     0x08000163   Thumb Code     0  libinit2.o(.ARM.Collect$$libinit$$00000033)
    __rt_lib_init_signal_1                   0x08000163   Thumb Code     0  libinit2.o(.ARM.Collect$$libinit$$0000001D)
    __rt_lib_init_stdio_1                    0x08000163   Thumb Code     0  libinit2.o(.ARM.Collect$$libinit$$00000025)
    __rt_lib_init_user_alloc_1               0x08000163   Thumb Code     0  libinit2.o(.ARM.Collect$$libinit$$0000000C)
    __rt_lib_shutdown                        0x08000165   Thumb Code     0  libshutdown.o(.ARM.Collect$$libshutdown$$00000000)
    __rt_lib_shutdown_cpp_1                  0x08000167   Thumb Code     0  libshutdown2.o(.ARM.Collect$$libshutdown$$00000004)
    __rt_lib_shutdown_fini_1                 0x08000167   Thumb Code     0  libshutdown2.o(.ARM.Collect$$libshutdown$$00000002)
    __rt_lib_shutdown_fp_trap_1              0x08000167   Thumb Code     0  libshutdown2.o(.ARM.Collect$$libshutdown$$00000009)
    __rt_lib_shutdown_heap_1                 0x08000167   Thumb Code     0  libshutdown2.o(.ARM.Collect$$libshutdown$$00000011)
    __rt_lib_shutdown_return                 0x08000167   Thumb Code     0  libshutdown2.o(.ARM.Collect$$libshutdown$$00000012)
    __rt_lib_shutdown_signal_1               0x08000167   Thumb Code     0  libshutdown2.o(.ARM.Collect$$libshutdown$$0000000C)
    __rt_lib_shutdown_stdio_1                0x08000167   Thumb Code     0  libshutdown2.o(.ARM.Collect$$libshutdown$$00000006)
    __rt_lib_shutdown_user_alloc_1           0x08000167   Thumb Code     0  libshutdown2.o(.ARM.Collect$$libshutdown$$0000000E)
    __rt_entry                               0x08000169   Thumb Code     0  __rtentry.o(.ARM.Collect$$rtentry$$00000000)
    __rt_entry_presh_1                       0x08000169   Thumb Code     0  __rtentry2.o(.ARM.Collect$$rtentry$$00000002)
    __rt_entry_sh                            0x08000169   Thumb Code     0  __rtentry4.o(.ARM.Collect$$rtentry$$00000004)
    __rt_entry_li                            0x0800016f   Thumb Code     0  __rtentry2.o(.ARM.Collect$$rtentry$$0000000A)
    __rt_entry_postsh_1                      0x0800016f   Thumb Code     0  __rtentry2.o(.ARM.Collect$$rtentry$$00000009)
    __rt_entry_main                          0x08000173   Thumb Code     0  __rtentry2.o(.ARM.Collect$$rtentry$$0000000D)
    __rt_entry_postli_1                      0x08000173   Thumb Code     0  __rtentry2.o(.ARM.Collect$$rtentry$$0000000C)
    __rt_exit                                0x0800017b   Thumb Code     0  rtexit.o(.ARM.Collect$$rtexit$$00000000)
    __rt_exit_ls                             0x0800017d   Thumb Code     0  rtexit2.o(.ARM.Collect$$rtexit$$00000003)
    __rt_exit_prels_1                        0x0800017d   Thumb Code     0  rtexit2.o(.ARM.Collect$$rtexit$$00000002)
    __rt_exit_exit                           0x08000181   Thumb Code     0  rtexit2.o(.ARM.Collect$$rtexit$$00000004)
    Reset_Handler                            0x08000189   Thumb Code     8  startup_stm32f10x_md.o(.text)
    ADC1_2_IRQHandler                        0x080001a3   Thumb Code     0  startup_stm32f10x_md.o(.text)
    CAN1_RX1_IRQHandler                      0x080001a3   Thumb Code     0  startup_stm32f10x_md.o(.text)
    CAN1_SCE_IRQHandler                      0x080001a3   Thumb Code     0  startup_stm32f10x_md.o(.text)
    DMA1_Channel1_IRQHandler                 0x080001a3   Thumb Code     0  startup_stm32f10x_md.o(.text)
    DMA1_Channel2_IRQHandler                 0x080001a3   Thumb Code     0  startup_stm32f10x_md.o(.text)
    DMA1_Channel3_IRQHandler                 0x080001a3   Thumb Code     0  startup_stm32f10x_md.o(.text)
    DMA1_Channel4_IRQHandler                 0x080001a3   Thumb Code     0  startup_stm32f10x_md.o(.text)
    DMA1_Channel5_IRQHandler                 0x080001a3   Thumb Code     0  startup_stm32f10x_md.o(.text)
    DMA1_Channel6_IRQHandler                 0x080001a3   Thumb Code     0  startup_stm32f10x_md.o(.text)
    DMA1_Channel7_IRQHandler                 0x080001a3   Thumb Code     0  startup_stm32f10x_md.o(.text)
    EXTI0_IRQHandler                         0x080001a3   Thumb Code     0  startup_stm32f10x_md.o(.text)
    EXTI15_10_IRQHandler                     0x080001a3   Thumb Code     0  startup_stm32f10x_md.o(.text)
    EXTI1_IRQHandler                         0x080001a3   Thumb Code     0  startup_stm32f10x_md.o(.text)
    EXTI2_IRQHandler                         0x080001a3   Thumb Code     0  startup_stm32f10x_md.o(.text)
    EXTI3_IRQHandler                         0x080001a3   Thumb Code     0  startup_stm32f10x_md.o(.text)
    EXTI4_IRQHandler                         0x080001a3   Thumb Code     0  startup_stm32f10x_md.o(.text)
    EXTI9_5_IRQHandler                       0x080001a3   Thumb Code     0  startup_stm32f10x_md.o(.text)
    FLASH_IRQHandler                         0x080001a3   Thumb Code     0  startup_stm32f10x_md.o(.text)
    I2C1_ER_IRQHandler                       0x080001a3   Thumb Code     0  startup_stm32f10x_md.o(.text)
    I2C1_EV_IRQHandler                       0x080001a3   Thumb Code     0  startup_stm32f10x_md.o(.text)
    I2C2_ER_IRQHandler                       0x080001a3   Thumb Code     0  startup_stm32f10x_md.o(.text)
    I2C2_EV_IRQHandler                       0x080001a3   Thumb Code     0  startup_stm32f10x_md.o(.text)
    PVD_IRQHandler                           0x080001a3   Thumb Code     0  startup_stm32f10x_md.o(.text)
    RCC_IRQHandler                           0x080001a3   Thumb Code     0  startup_stm32f10x_md.o(.text)
    RTCAlarm_IRQHandler                      0x080001a3   Thumb Code     0  startup_stm32f10x_md.o(.text)
    RTC_IRQHandler                           0x080001a3   Thumb Code     0  startup_stm32f10x_md.o(.text)
    SPI1_IRQHandler                          0x080001a3   Thumb Code     0  startup_stm32f10x_md.o(.text)
    SPI2_IRQHandler                          0x080001a3   Thumb Code     0  startup_stm32f10x_md.o(.text)
    TAMPER_IRQHandler                        0x080001a3   Thumb Code     0  startup_stm32f10x_md.o(.text)
    TIM1_BRK_IRQHandler                      0x080001a3   Thumb Code     0  startup_stm32f10x_md.o(.text)
    TIM1_CC_IRQHandler                       0x080001a3   Thumb Code     0  startup_stm32f10x_md.o(.text)
    TIM1_TRG_COM_IRQHandler                  0x080001a3   Thumb Code     0  startup_stm32f10x_md.o(.text)
    TIM1_UP_IRQHandler                       0x080001a3   Thumb Code     0  startup_stm32f10x_md.o(.text)
    TIM4_IRQHandler                          0x080001a3   Thumb Code     0  startup_stm32f10x_md.o(.text)
    USART1_IRQHandler                        0x080001a3   Thumb Code     0  startup_stm32f10x_md.o(.text)
    USART3_IRQHandler                        0x080001a3   Thumb Code     0  startup_stm32f10x_md.o(.text)
    USBWakeUp_IRQHandler                     0x080001a3   Thumb Code     0  startup_stm32f10x_md.o(.text)
    USB_HP_CAN1_TX_IRQHandler                0x080001a3   Thumb Code     0  startup_stm32f10x_md.o(.text)
    USB_LP_CAN1_RX0_IRQHandler               0x080001a3   Thumb Code     0  startup_stm32f10x_md.o(.text)
    WWDG_IRQHandler                          0x080001a3   Thumb Code     0  startup_stm32f10x_md.o(.text)
    __user_initial_stackheap                 0x080001a5   Thumb Code     0  startup_stm32f10x_md.o(.text)
    __use_two_region_memory                  0x080001c9   Thumb Code     2  heapauxi.o(.text)
    __rt_heap_escrow$2region                 0x080001cb   Thumb Code     2  heapauxi.o(.text)
    __rt_heap_expand$2region                 0x080001cd   Thumb Code     2  heapauxi.o(.text)
    __user_setup_stackheap                   0x080001cf   Thumb Code    74  sys_stackheap_outer.o(.text)
    exit                                     0x08000219   Thumb Code    18  exit.o(.text)
    __user_libspace                          0x0800022d   Thumb Code     8  libspace.o(.text)
    __user_perproc_libspace                  0x0800022d   Thumb Code     0  libspace.o(.text)
    __user_perthread_libspace                0x0800022d   Thumb Code     0  libspace.o(.text)
    _sys_exit                                0x08000235   Thumb Code     8  sys_exit.o(.text)
    __I$use$semihosting                      0x08000241   Thumb Code     0  use_no_semi.o(.text)
    __use_no_semihosting_swi                 0x08000241   Thumb Code     2  use_no_semi.o(.text)
    BusFault_Handler                         0x08000243   Thumb Code     4  stm32f10x_it.o(i.BusFault_Handler)
    __semihosting_library_function           0x08000243   Thumb Code     0  indicate_semi.o(.text)
    DebugMon_Handler                         0x08000247   Thumb Code     2  stm32f10x_it.o(i.DebugMon_Handler)
    Delay_ms                                 0x08000249   Thumb Code    24  delay.o(i.Delay_ms)
    Delay_us                                 0x08000261   Thumb Code    46  delay.o(i.Delay_us)
    Displacement                             0x08000291   Thumb Code   220  control.o(i.Displacement)
    EXIT_Init                                0x08000391   Thumb Code    40  exit.o(i.EXIT_Init)
    Encoder_Init                             0x080003b9   Thumb Code   296  encoder.o(i.Encoder_Init)
    Final_PWM_Out                            0x080004f1   Thumb Code   172  control.o(i.Final_PWM_Out)
    GPIO_Init                                0x080005b9   Thumb Code   278  stm32f10x_gpio.o(i.GPIO_Init)
    GPIO_ReadInputDataBit                    0x080006cf   Thumb Code    18  stm32f10x_gpio.o(i.GPIO_ReadInputDataBit)
    GPIO_ResetBits                           0x080006e1   Thumb Code     4  stm32f10x_gpio.o(i.GPIO_ResetBits)
    GPIO_SetBits                             0x080006e5   Thumb Code     4  stm32f10x_gpio.o(i.GPIO_SetBits)
    GPIO_WriteBit                            0x080006e9   Thumb Code    10  stm32f10x_gpio.o(i.GPIO_WriteBit)
    Get_Encoder                              0x080006f5   Thumb Code    54  encoder.o(i.Get_Encoder)
    HardFault_Handler                        0x08000735   Thumb Code     4  stm32f10x_it.o(i.HardFault_Handler)
    MPU6050_GetData                          0x08000739   Thumb Code   344  mpu6050.o(i.MPU6050_GetData)
    MPU6050_Init                             0x0800089d   Thumb Code    56  mpu6050.o(i.MPU6050_Init)
    MPU6050_ReadReg                          0x080008d5   Thumb Code    62  mpu6050.o(i.MPU6050_ReadReg)
    MPU6050_WriteReg                         0x08000913   Thumb Code    46  mpu6050.o(i.MPU6050_WriteReg)
    MemManage_Handler                        0x08000941   Thumb Code     4  stm32f10x_it.o(i.MemManage_Handler)
    Mode_Car                                 0x08000945   Thumb Code   110  main.o(i.Mode_Car)
    Motor_PWMLoad                            0x080009c5   Thumb Code   266  motor.o(i.Motor_PWMLoad)
    Motot_Init                               0x08000add   Thumb Code    40  motor.o(i.Motot_Init)
    MyI2C_Init                               0x08000b09   Thumb Code    50  myi2c.o(i.MyI2C_Init)
    MyI2C_R_SDA                              0x08000b41   Thumb Code    24  myi2c.o(i.MyI2C_R_SDA)
    MyI2C_ReceiveAck                         0x08000b5d   Thumb Code    30  myi2c.o(i.MyI2C_ReceiveAck)
    MyI2C_ReceiveByte                        0x08000b7b   Thumb Code    52  myi2c.o(i.MyI2C_ReceiveByte)
    MyI2C_SendAck                            0x08000baf   Thumb Code    24  myi2c.o(i.MyI2C_SendAck)
    MyI2C_SendByte                           0x08000bc7   Thumb Code    42  myi2c.o(i.MyI2C_SendByte)
    MyI2C_Start                              0x08000bf1   Thumb Code    28  myi2c.o(i.MyI2C_Start)
    MyI2C_Stop                               0x08000c0d   Thumb Code    22  myi2c.o(i.MyI2C_Stop)
    MyI2C_W_SCL                              0x08000c25   Thumb Code    24  myi2c.o(i.MyI2C_W_SCL)
    MyI2C_W_SDA                              0x08000c41   Thumb Code    24  myi2c.o(i.MyI2C_W_SDA)
    NMI_Handler                              0x08000c5d   Thumb Code     2  stm32f10x_it.o(i.NMI_Handler)
    NVIC_Init                                0x08000c61   Thumb Code   100  misc.o(i.NVIC_Init)
    NVIC_PriorityGroupConfig                 0x08000cd1   Thumb Code    10  misc.o(i.NVIC_PriorityGroupConfig)
    OLED_Clear                               0x08000ce5   Thumb Code    42  oled.o(i.OLED_Clear)
    OLED_I2C_Init                            0x08000d11   Thumb Code    76  oled.o(i.OLED_I2C_Init)
    OLED_I2C_SendByte                        0x08000d61   Thumb Code    80  oled.o(i.OLED_I2C_SendByte)
    OLED_I2C_Start                           0x08000db5   Thumb Code    48  oled.o(i.OLED_I2C_Start)
    OLED_I2C_Stop                            0x08000de9   Thumb Code    36  oled.o(i.OLED_I2C_Stop)
    OLED_Init                                0x08000e11   Thumb Code   174  oled.o(i.OLED_Init)
    OLED_Pow                                 0x08000ebf   Thumb Code    20  oled.o(i.OLED_Pow)
    OLED_SetCursor                           0x08000ed3   Thumb Code    34  oled.o(i.OLED_SetCursor)
    OLED_ShowChar                            0x08000ef5   Thumb Code   110  oled.o(i.OLED_ShowChar)
    OLED_ShowNum                             0x08000f69   Thumb Code    68  oled.o(i.OLED_ShowNum)
    OLED_ShowSignedNum                       0x08000fad   Thumb Code   102  oled.o(i.OLED_ShowSignedNum)
    OLED_WriteCommand                        0x08001013   Thumb Code    32  oled.o(i.OLED_WriteCommand)
    OLED_WriteData                           0x08001033   Thumb Code    32  oled.o(i.OLED_WriteData)
    PID_Init                                 0x08001053   Thumb Code    86  control.o(i.PID_Init)
    PWM_Init                                 0x080010a9   Thumb Code   212  pwm.o(i.PWM_Init)
    PendSV_Handler                           0x08001185   Thumb Code     2  stm32f10x_it.o(i.PendSV_Handler)
    RCC_APB1PeriphClockCmd                   0x08001189   Thumb Code    26  stm32f10x_rcc.o(i.RCC_APB1PeriphClockCmd)
    RCC_APB2PeriphClockCmd                   0x080011a9   Thumb Code    26  stm32f10x_rcc.o(i.RCC_APB2PeriphClockCmd)
    RCC_GetClocksFreq                        0x080011c9   Thumb Code   192  stm32f10x_rcc.o(i.RCC_GetClocksFreq)
    SVC_Handler                              0x0800129d   Thumb Code     2  stm32f10x_it.o(i.SVC_Handler)
    Send                                     0x080012a1   Thumb Code     6  uart.o(i.Send)
    Set_Med_Displacement                     0x08001395   Thumb Code    66  control.o(i.Set_Med_Displacement)
    SysTick_Handler                          0x080013ed   Thumb Code     2  stm32f10x_it.o(i.SysTick_Handler)
    SystemInit                               0x080013f1   Thumb Code    78  system_stm32f10x.o(i.SystemInit)
    TIM2_IRQHandler                          0x08001691   Thumb Code   312  control.o(i.TIM2_IRQHandler)
    TIM3_IRQHandler                          0x08001815   Thumb Code    42  hcsr04.o(i.TIM3_IRQHandler)
    TIM_ARRPreloadConfig                     0x08001849   Thumb Code    24  stm32f10x_tim.o(i.TIM_ARRPreloadConfig)
    TIM_ClearFlag                            0x08001861   Thumb Code     6  stm32f10x_tim.o(i.TIM_ClearFlag)
    TIM_ClearITPendingBit                    0x08001867   Thumb Code     6  stm32f10x_tim.o(i.TIM_ClearITPendingBit)
    TIM_Cmd                                  0x0800186d   Thumb Code    24  stm32f10x_tim.o(i.TIM_Cmd)
    TIM_CtrlPWMOutputs                       0x08001885   Thumb Code    30  stm32f10x_tim.o(i.TIM_CtrlPWMOutputs)
    TIM_EncoderInterfaceConfig               0x080018a3   Thumb Code    66  stm32f10x_tim.o(i.TIM_EncoderInterfaceConfig)
    TIM_GetCounter                           0x080018e5   Thumb Code     6  stm32f10x_tim.o(i.TIM_GetCounter)
    TIM_GetITStatus                          0x080018eb   Thumb Code    34  stm32f10x_tim.o(i.TIM_GetITStatus)
    TIM_ICInit                               0x0800190d   Thumb Code   150  stm32f10x_tim.o(i.TIM_ICInit)
    TIM_ICStructInit                         0x080019b9   Thumb Code    18  stm32f10x_tim.o(i.TIM_ICStructInit)
    TIM_ITConfig                             0x080019cb   Thumb Code    18  stm32f10x_tim.o(i.TIM_ITConfig)
    TIM_InternalClockConfig                  0x080019dd   Thumb Code    12  stm32f10x_tim.o(i.TIM_InternalClockConfig)
    TIM_OC1Init                              0x080019e9   Thumb Code   132  stm32f10x_tim.o(i.TIM_OC1Init)
    TIM_OC1PolarityConfig                    0x08001a81   Thumb Code    18  stm32f10x_tim.o(i.TIM_OC1PolarityConfig)
    TIM_OC1PreloadConfig                     0x08001a93   Thumb Code    18  stm32f10x_tim.o(i.TIM_OC1PreloadConfig)
    TIM_OC2Init                              0x08001aa5   Thumb Code   154  stm32f10x_tim.o(i.TIM_OC2Init)
    TIM_OC2PolarityConfig                    0x08001b49   Thumb Code    26  stm32f10x_tim.o(i.TIM_OC2PolarityConfig)
    TIM_OC2PreloadConfig                     0x08001b63   Thumb Code    26  stm32f10x_tim.o(i.TIM_OC2PreloadConfig)
    TIM_OC3Init                              0x08001b7d   Thumb Code   150  stm32f10x_tim.o(i.TIM_OC3Init)
    TIM_OC3PolarityConfig                    0x08001c1d   Thumb Code    26  stm32f10x_tim.o(i.TIM_OC3PolarityConfig)
    TIM_OC3PreloadConfig                     0x08001c37   Thumb Code    18  stm32f10x_tim.o(i.TIM_OC3PreloadConfig)
    TIM_OC4Init                              0x08001c49   Thumb Code   114  stm32f10x_tim.o(i.TIM_OC4Init)
    TIM_OC4PolarityConfig                    0x08001cc5   Thumb Code    26  stm32f10x_tim.o(i.TIM_OC4PolarityConfig)
    TIM_OC4PreloadConfig                     0x08001cdf   Thumb Code    26  stm32f10x_tim.o(i.TIM_OC4PreloadConfig)
    TIM_OCStructInit                         0x08001cf9   Thumb Code    20  stm32f10x_tim.o(i.TIM_OCStructInit)
    TIM_SetCompare1                          0x08001d0d   Thumb Code     4  stm32f10x_tim.o(i.TIM_SetCompare1)
    TIM_SetCompare2                          0x08001d11   Thumb Code     4  stm32f10x_tim.o(i.TIM_SetCompare2)
    TIM_SetCompare3                          0x08001d15   Thumb Code     4  stm32f10x_tim.o(i.TIM_SetCompare3)
    TIM_SetCompare4                          0x08001d19   Thumb Code     6  stm32f10x_tim.o(i.TIM_SetCompare4)
    TIM_SetCounter                           0x08001d1f   Thumb Code     4  stm32f10x_tim.o(i.TIM_SetCounter)
    TIM_SetIC1Prescaler                      0x08001d23   Thumb Code    18  stm32f10x_tim.o(i.TIM_SetIC1Prescaler)
    TIM_SetIC2Prescaler                      0x08001d35   Thumb Code    26  stm32f10x_tim.o(i.TIM_SetIC2Prescaler)
    TIM_SetIC3Prescaler                      0x08001d4f   Thumb Code    18  stm32f10x_tim.o(i.TIM_SetIC3Prescaler)
    TIM_SetIC4Prescaler                      0x08001d61   Thumb Code    26  stm32f10x_tim.o(i.TIM_SetIC4Prescaler)
    TIM_TimeBaseInit                         0x08001d7d   Thumb Code   122  stm32f10x_tim.o(i.TIM_TimeBaseInit)
    Turnment                                 0x08001e21   Thumb Code    44  control.o(i.Turnment)
    USART2_IRQHandler                        0x08001e55   Thumb Code   356  uart.o(i.USART2_IRQHandler)
    USART_ClearFlag                          0x08001fdd   Thumb Code    18  stm32f10x_usart.o(i.USART_ClearFlag)
    USART_ClearITPendingBit                  0x08001fef   Thumb Code    30  stm32f10x_usart.o(i.USART_ClearITPendingBit)
    USART_Cmd                                0x0800200d   Thumb Code    24  stm32f10x_usart.o(i.USART_Cmd)
    USART_GetITStatus                        0x08002025   Thumb Code    84  stm32f10x_usart.o(i.USART_GetITStatus)
    USART_ITConfig                           0x08002079   Thumb Code    74  stm32f10x_usart.o(i.USART_ITConfig)
    USART_Init                               0x080020c5   Thumb Code   210  stm32f10x_usart.o(i.USART_Init)
    USART_ReceiveData                        0x0800219d   Thumb Code    10  stm32f10x_usart.o(i.USART_ReceiveData)
    USARTx_Init                              0x080021a9   Thumb Code   164  uart.o(i.USARTx_Init)
    UsageFault_Handler                       0x08002255   Thumb Code     4  stm32f10x_it.o(i.UsageFault_Handler)
    Velocity                                 0x08002259   Thumb Code   188  control.o(i.Velocity)
    bibibi                                   0x08002331   Thumb Code    32  bibibi.o(i.bibibi)
    bibibi_init                              0x08002355   Thumb Code    38  bibibi.o(i.bibibi_init)
    colorsearch                              0x08002381   Thumb Code     6  uart.o(i.colorsearch)
    main                                     0x0800238d   Thumb Code   236  main.o(i.main)
    turn                                     0x080024a9   Thumb Code   126  motor.o(i.turn)
    x_position                               0x08002535   Thumb Code     6  uart.o(i.x_position)
    __aeabi_d2f                              0x08002541   Thumb Code     0  d2f.o(x$fpl$d2f)
    _d2f                                     0x08002541   Thumb Code    98  d2f.o(x$fpl$d2f)
    __aeabi_ddiv                             0x080025a5   Thumb Code     0  ddiv.o(x$fpl$ddiv)
    _ddiv                                    0x080025a5   Thumb Code   552  ddiv.o(x$fpl$ddiv)
    __aeabi_dmul                             0x08002855   Thumb Code     0  dmul.o(x$fpl$dmul)
    _dmul                                    0x08002855   Thumb Code   332  dmul.o(x$fpl$dmul)
    __fpl_dnaninf                            0x080029a9   Thumb Code   156  dnaninf.o(x$fpl$dnaninf)
    __fpl_dretinf                            0x08002a45   Thumb Code    12  dretinf.o(x$fpl$dretinf)
    __aeabi_f2d                              0x08002a51   Thumb Code     0  f2d.o(x$fpl$f2d)
    _f2d                                     0x08002a51   Thumb Code    86  f2d.o(x$fpl$f2d)
    __aeabi_fadd                             0x08002aa9   Thumb Code     0  faddsub_clz.o(x$fpl$fadd)
    _fadd                                    0x08002aa9   Thumb Code   196  faddsub_clz.o(x$fpl$fadd)
    __fpl_fcmp_Inf                           0x08002b6d   Thumb Code    24  fcmpi.o(x$fpl$fcmpinf)
    __aeabi_fdiv                             0x08002b85   Thumb Code     0  fdiv.o(x$fpl$fdiv)
    _fdiv                                    0x08002b85   Thumb Code   384  fdiv.o(x$fpl$fdiv)
    __aeabi_cfcmpeq                          0x08002d09   Thumb Code     0  feqf.o(x$fpl$feqf)
    _fcmpeq                                  0x08002d09   Thumb Code   104  feqf.o(x$fpl$feqf)
    __aeabi_f2iz                             0x08002d71   Thumb Code     0  ffix.o(x$fpl$ffix)
    _ffix                                    0x08002d71   Thumb Code    54  ffix.o(x$fpl$ffix)
    __aeabi_f2uiz                            0x08002da9   Thumb Code     0  ffixu.o(x$fpl$ffixu)
    _ffixu                                   0x08002da9   Thumb Code    62  ffixu.o(x$fpl$ffixu)
    __aeabi_i2f                              0x08002de9   Thumb Code     0  fflt_clz.o(x$fpl$fflt)
    _fflt                                    0x08002de9   Thumb Code    48  fflt_clz.o(x$fpl$fflt)
    __aeabi_ui2f                             0x08002e19   Thumb Code     0  fflt_clz.o(x$fpl$ffltu)
    _ffltu                                   0x08002e19   Thumb Code    38  fflt_clz.o(x$fpl$ffltu)
    __aeabi_cfcmple                          0x08002e41   Thumb Code     0  fleqf.o(x$fpl$fleqf)
    _fcmple                                  0x08002e41   Thumb Code   104  fleqf.o(x$fpl$fleqf)
    __fpl_fcmple_InfNaN                      0x08002e93   Thumb Code     0  fleqf.o(x$fpl$fleqf)
    __aeabi_fmul                             0x08002ea9   Thumb Code     0  fmul.o(x$fpl$fmul)
    _fmul                                    0x08002ea9   Thumb Code   258  fmul.o(x$fpl$fmul)
    __fpl_fnaninf                            0x08002fab   Thumb Code   140  fnaninf.o(x$fpl$fnaninf)
    __fpl_fretinf                            0x08003037   Thumb Code    10  fretinf.o(x$fpl$fretinf)
    __aeabi_frsub                            0x08003041   Thumb Code     0  faddsub_clz.o(x$fpl$frsb)
    _frsb                                    0x08003041   Thumb Code    20  faddsub_clz.o(x$fpl$frsb)
    __aeabi_fsub                             0x08003055   Thumb Code     0  faddsub_clz.o(x$fpl$fsub)
    _fsub                                    0x08003055   Thumb Code   234  faddsub_clz.o(x$fpl$fsub)
    OLED_F8x16                               0x0800313e   Data        1520  oled.o(.constdata)
    __I$use$fp                               0x0800313e   Number         0  usenofp.o(x$fpl$usenofp)
    Region$$Table$$Base                      0x08003730   Number         0  anon$$obj.o(Region$$Table)
    Region$$Table$$Limit                     0x08003750   Number         0  anon$$obj.o(Region$$Table)
    time                                     0x20000020   Data           8  hcsr04.o(.data)
    time_end                                 0x20000028   Data           8  hcsr04.o(.data)
    Mode                                     0x20000030   Data           1  control.o(.data)
    Red_x                                    0x20000031   Data           1  control.o(.data)
    Redflag                                  0x20000032   Data           1  control.o(.data)
    angle                                    0x20000034   Data           2  control.o(.data)
    turn_dir                                 0x20000036   Data           2  control.o(.data)
    AX                                       0x20000038   Data           4  control.o(.data)
    AY                                       0x2000003c   Data           4  control.o(.data)
    AZ                                       0x20000040   Data           4  control.o(.data)
    GX                                       0x20000044   Data           2  control.o(.data)
    GY                                       0x20000046   Data           2  control.o(.data)
    GZ                                       0x20000048   Data           2  control.o(.data)
    Encoder_left                             0x2000004a   Data           2  control.o(.data)
    Encoder_right                            0x2000004c   Data           2  control.o(.data)
    Distance                                 0x20000050   Data           4  control.o(.data)
    Out_Displacement                         0x20000054   Data           4  control.o(.data)
    Out_Velocity                             0x20000058   Data           4  control.o(.data)
    Out_turn                                 0x2000005c   Data           4  control.o(.data)
    PWM_Out                                  0x20000060   Data           4  control.o(.data)
    Med_Displacement                         0x20000064   Data           4  control.o(.data)
    Displacement_Kp                          0x20000068   Data           4  control.o(.data)
    Displacement_Ki                          0x2000006c   Data           4  control.o(.data)
    Velocity_Kp                              0x20000070   Data           4  control.o(.data)
    Velocity_Kd                              0x20000074   Data           4  control.o(.data)
    Turn_Kp                                  0x20000078   Data           4  control.o(.data)
    Turn_Kd                                  0x2000007c   Data           4  control.o(.data)
    Achievement                              0x200000bc   Data           1  main.o(.data)
    motor1                                   0x200000c0   Data           4  main.o(.data)
    motor2                                   0x200000c4   Data           4  main.o(.data)
    __libspace_start                         0x200000e0   Data          96  libspace.o(.bss)
    __temporary_stack_top$libspace           0x20000140   Data           0  libspace.o(.bss)



==============================================================================

Memory Map of the image

  Image Entry point : 0x080000ed

  Load Region LR_IROM1 (Base: 0x08000000, Size: 0x0000381c, Max: 0x00010000, ABSOLUTE)

    Execution Region ER_IROM1 (Exec base: 0x08000000, Load base: 0x08000000, Size: 0x00003750, Max: 0x00010000, ABSOLUTE)

    Exec Addr    Load Addr    Size         Type   Attr      Idx    E Section Name        Object

    0x08000000   0x08000000   0x000000ec   Data   RO           19    RESET               startup_stm32f10x_md.o
    0x080000ec   0x080000ec   0x00000008   Code   RO         3699  * !!!main             c_w.l(__main.o)
    0x080000f4   0x080000f4   0x00000034   Code   RO         3919    !!!scatter          c_w.l(__scatter.o)
    0x08000128   0x08000128   0x0000001a   Code   RO         3921    !!handler_copy      c_w.l(__scatter_copy.o)
    0x08000142   0x08000142   0x00000002   PAD
    0x08000144   0x08000144   0x0000001c   Code   RO         3923    !!handler_zi        c_w.l(__scatter_zi.o)
    0x08000160   0x08000160   0x00000002   Code   RO         3787    .ARM.Collect$$libinit$$00000000  c_w.l(libinit.o)
    0x08000162   0x08000162   0x00000000   Code   RO         3800    .ARM.Collect$$libinit$$00000002  c_w.l(libinit2.o)
    0x08000162   0x08000162   0x00000000   Code   RO         3802    .ARM.Collect$$libinit$$00000004  c_w.l(libinit2.o)
    0x08000162   0x08000162   0x00000000   Code   RO         3805    .ARM.Collect$$libinit$$0000000A  c_w.l(libinit2.o)
    0x08000162   0x08000162   0x00000000   Code   RO         3807    .ARM.Collect$$libinit$$0000000C  c_w.l(libinit2.o)
    0x08000162   0x08000162   0x00000000   Code   RO         3809    .ARM.Collect$$libinit$$0000000E  c_w.l(libinit2.o)
    0x08000162   0x08000162   0x00000000   Code   RO         3812    .ARM.Collect$$libinit$$00000011  c_w.l(libinit2.o)
    0x08000162   0x08000162   0x00000000   Code   RO         3814    .ARM.Collect$$libinit$$00000013  c_w.l(libinit2.o)
    0x08000162   0x08000162   0x00000000   Code   RO         3816    .ARM.Collect$$libinit$$00000015  c_w.l(libinit2.o)
    0x08000162   0x08000162   0x00000000   Code   RO         3818    .ARM.Collect$$libinit$$00000017  c_w.l(libinit2.o)
    0x08000162   0x08000162   0x00000000   Code   RO         3820    .ARM.Collect$$libinit$$00000019  c_w.l(libinit2.o)
    0x08000162   0x08000162   0x00000000   Code   RO         3822    .ARM.Collect$$libinit$$0000001B  c_w.l(libinit2.o)
    0x08000162   0x08000162   0x00000000   Code   RO         3824    .ARM.Collect$$libinit$$0000001D  c_w.l(libinit2.o)
    0x08000162   0x08000162   0x00000000   Code   RO         3826    .ARM.Collect$$libinit$$0000001F  c_w.l(libinit2.o)
    0x08000162   0x08000162   0x00000000   Code   RO         3828    .ARM.Collect$$libinit$$00000021  c_w.l(libinit2.o)
    0x08000162   0x08000162   0x00000000   Code   RO         3830    .ARM.Collect$$libinit$$00000023  c_w.l(libinit2.o)
    0x08000162   0x08000162   0x00000000   Code   RO         3832    .ARM.Collect$$libinit$$00000025  c_w.l(libinit2.o)
    0x08000162   0x08000162   0x00000000   Code   RO         3836    .ARM.Collect$$libinit$$0000002C  c_w.l(libinit2.o)
    0x08000162   0x08000162   0x00000000   Code   RO         3838    .ARM.Collect$$libinit$$0000002E  c_w.l(libinit2.o)
    0x08000162   0x08000162   0x00000000   Code   RO         3840    .ARM.Collect$$libinit$$00000030  c_w.l(libinit2.o)
    0x08000162   0x08000162   0x00000000   Code   RO         3842    .ARM.Collect$$libinit$$00000032  c_w.l(libinit2.o)
    0x08000162   0x08000162   0x00000002   Code   RO         3843    .ARM.Collect$$libinit$$00000033  c_w.l(libinit2.o)
    0x08000164   0x08000164   0x00000002   Code   RO         3874    .ARM.Collect$$libshutdown$$00000000  c_w.l(libshutdown.o)
    0x08000166   0x08000166   0x00000000   Code   RO         3900    .ARM.Collect$$libshutdown$$00000002  c_w.l(libshutdown2.o)
    0x08000166   0x08000166   0x00000000   Code   RO         3902    .ARM.Collect$$libshutdown$$00000004  c_w.l(libshutdown2.o)
    0x08000166   0x08000166   0x00000000   Code   RO         3904    .ARM.Collect$$libshutdown$$00000006  c_w.l(libshutdown2.o)
    0x08000166   0x08000166   0x00000000   Code   RO         3907    .ARM.Collect$$libshutdown$$00000009  c_w.l(libshutdown2.o)
    0x08000166   0x08000166   0x00000000   Code   RO         3910    .ARM.Collect$$libshutdown$$0000000C  c_w.l(libshutdown2.o)
    0x08000166   0x08000166   0x00000000   Code   RO         3912    .ARM.Collect$$libshutdown$$0000000E  c_w.l(libshutdown2.o)
    0x08000166   0x08000166   0x00000000   Code   RO         3915    .ARM.Collect$$libshutdown$$00000011  c_w.l(libshutdown2.o)
    0x08000166   0x08000166   0x00000002   Code   RO         3916    .ARM.Collect$$libshutdown$$00000012  c_w.l(libshutdown2.o)
    0x08000168   0x08000168   0x00000000   Code   RO         3741    .ARM.Collect$$rtentry$$00000000  c_w.l(__rtentry.o)
    0x08000168   0x08000168   0x00000000   Code   RO         3758    .ARM.Collect$$rtentry$$00000002  c_w.l(__rtentry2.o)
    0x08000168   0x08000168   0x00000006   Code   RO         3770    .ARM.Collect$$rtentry$$00000004  c_w.l(__rtentry4.o)
    0x0800016e   0x0800016e   0x00000000   Code   RO         3760    .ARM.Collect$$rtentry$$00000009  c_w.l(__rtentry2.o)
    0x0800016e   0x0800016e   0x00000004   Code   RO         3761    .ARM.Collect$$rtentry$$0000000A  c_w.l(__rtentry2.o)
    0x08000172   0x08000172   0x00000000   Code   RO         3763    .ARM.Collect$$rtentry$$0000000C  c_w.l(__rtentry2.o)
    0x08000172   0x08000172   0x00000008   Code   RO         3764    .ARM.Collect$$rtentry$$0000000D  c_w.l(__rtentry2.o)
    0x0800017a   0x0800017a   0x00000002   Code   RO         3791    .ARM.Collect$$rtexit$$00000000  c_w.l(rtexit.o)
    0x0800017c   0x0800017c   0x00000000   Code   RO         3847    .ARM.Collect$$rtexit$$00000002  c_w.l(rtexit2.o)
    0x0800017c   0x0800017c   0x00000004   Code   RO         3848    .ARM.Collect$$rtexit$$00000003  c_w.l(rtexit2.o)
    0x08000180   0x08000180   0x00000006   Code   RO         3849    .ARM.Collect$$rtexit$$00000004  c_w.l(rtexit2.o)
    0x08000186   0x08000186   0x00000002   PAD
    0x08000188   0x08000188   0x00000040   Code   RO           20    .text               startup_stm32f10x_md.o
    0x080001c8   0x080001c8   0x00000006   Code   RO         3697    .text               c_w.l(heapauxi.o)
    0x080001ce   0x080001ce   0x0000004a   Code   RO         3774    .text               c_w.l(sys_stackheap_outer.o)
    0x08000218   0x08000218   0x00000012   Code   RO         3776    .text               c_w.l(exit.o)
    0x0800022a   0x0800022a   0x00000002   PAD
    0x0800022c   0x0800022c   0x00000008   Code   RO         3788    .text               c_w.l(libspace.o)
    0x08000234   0x08000234   0x0000000c   Code   RO         3844    .text               c_w.l(sys_exit.o)
    0x08000240   0x08000240   0x00000002   Code   RO         3863    .text               c_w.l(use_no_semi.o)
    0x08000242   0x08000242   0x00000000   Code   RO         3865    .text               c_w.l(indicate_semi.o)
    0x08000242   0x08000242   0x00000004   Code   RO         3630    i.BusFault_Handler  stm32f10x_it.o
    0x08000246   0x08000246   0x00000002   Code   RO         3631    i.DebugMon_Handler  stm32f10x_it.o
    0x08000248   0x08000248   0x00000018   Code   RO         3108    i.Delay_ms          delay.o
    0x08000260   0x08000260   0x0000002e   Code   RO         3110    i.Delay_us          delay.o
    0x0800028e   0x0800028e   0x00000002   PAD
    0x08000290   0x08000290   0x00000100   Code   RO         3514    i.Displacement      control.o
    0x08000390   0x08000390   0x00000028   Code   RO         3593    i.EXIT_Init         exit.o
    0x080003b8   0x080003b8   0x00000138   Code   RO         3400    i.Encoder_Init      encoder.o
    0x080004f0   0x080004f0   0x000000c8   Code   RO         3515    i.Final_PWM_Out     control.o
    0x080005b8   0x080005b8   0x00000116   Code   RO         1292    i.GPIO_Init         stm32f10x_gpio.o
    0x080006ce   0x080006ce   0x00000012   Code   RO         1296    i.GPIO_ReadInputDataBit  stm32f10x_gpio.o
    0x080006e0   0x080006e0   0x00000004   Code   RO         1299    i.GPIO_ResetBits    stm32f10x_gpio.o
    0x080006e4   0x080006e4   0x00000004   Code   RO         1300    i.GPIO_SetBits      stm32f10x_gpio.o
    0x080006e8   0x080006e8   0x0000000a   Code   RO         1303    i.GPIO_WriteBit     stm32f10x_gpio.o
    0x080006f2   0x080006f2   0x00000002   PAD
    0x080006f4   0x080006f4   0x00000040   Code   RO         3401    i.Get_Encoder       encoder.o
    0x08000734   0x08000734   0x00000004   Code   RO         3632    i.HardFault_Handler  stm32f10x_it.o
    0x08000738   0x08000738   0x00000164   Code   RO         3358    i.MPU6050_GetData   mpu6050.o
    0x0800089c   0x0800089c   0x00000038   Code   RO         3360    i.MPU6050_Init      mpu6050.o
    0x080008d4   0x080008d4   0x0000003e   Code   RO         3361    i.MPU6050_ReadReg   mpu6050.o
    0x08000912   0x08000912   0x0000002e   Code   RO         3362    i.MPU6050_WriteReg  mpu6050.o
    0x08000940   0x08000940   0x00000004   Code   RO         3633    i.MemManage_Handler  stm32f10x_it.o
    0x08000944   0x08000944   0x00000080   Code   RO         3609    i.Mode_Car          main.o
    0x080009c4   0x080009c4   0x00000118   Code   RO         3469    i.Motor_PWMLoad     motor.o
    0x08000adc   0x08000adc   0x0000002c   Code   RO         3470    i.Motot_Init        motor.o
    0x08000b08   0x08000b08   0x00000038   Code   RO         3132    i.MyI2C_Init        myi2c.o
    0x08000b40   0x08000b40   0x0000001c   Code   RO         3133    i.MyI2C_R_SDA       myi2c.o
    0x08000b5c   0x08000b5c   0x0000001e   Code   RO         3134    i.MyI2C_ReceiveAck  myi2c.o
    0x08000b7a   0x08000b7a   0x00000034   Code   RO         3135    i.MyI2C_ReceiveByte  myi2c.o
    0x08000bae   0x08000bae   0x00000018   Code   RO         3136    i.MyI2C_SendAck     myi2c.o
    0x08000bc6   0x08000bc6   0x0000002a   Code   RO         3137    i.MyI2C_SendByte    myi2c.o
    0x08000bf0   0x08000bf0   0x0000001c   Code   RO         3138    i.MyI2C_Start       myi2c.o
    0x08000c0c   0x08000c0c   0x00000016   Code   RO         3139    i.MyI2C_Stop        myi2c.o
    0x08000c22   0x08000c22   0x00000002   PAD
    0x08000c24   0x08000c24   0x0000001c   Code   RO         3140    i.MyI2C_W_SCL       myi2c.o
    0x08000c40   0x08000c40   0x0000001c   Code   RO         3141    i.MyI2C_W_SDA       myi2c.o
    0x08000c5c   0x08000c5c   0x00000002   Code   RO         3634    i.NMI_Handler       stm32f10x_it.o
    0x08000c5e   0x08000c5e   0x00000002   PAD
    0x08000c60   0x08000c60   0x00000070   Code   RO          137    i.NVIC_Init         misc.o
    0x08000cd0   0x08000cd0   0x00000014   Code   RO          138    i.NVIC_PriorityGroupConfig  misc.o
    0x08000ce4   0x08000ce4   0x0000002a   Code   RO         3250    i.OLED_Clear        oled.o
    0x08000d0e   0x08000d0e   0x00000002   PAD
    0x08000d10   0x08000d10   0x00000050   Code   RO         3251    i.OLED_I2C_Init     oled.o
    0x08000d60   0x08000d60   0x00000054   Code   RO         3252    i.OLED_I2C_SendByte  oled.o
    0x08000db4   0x08000db4   0x00000034   Code   RO         3253    i.OLED_I2C_Start    oled.o
    0x08000de8   0x08000de8   0x00000028   Code   RO         3254    i.OLED_I2C_Stop     oled.o
    0x08000e10   0x08000e10   0x000000ae   Code   RO         3255    i.OLED_Init         oled.o
    0x08000ebe   0x08000ebe   0x00000014   Code   RO         3256    i.OLED_Pow          oled.o
    0x08000ed2   0x08000ed2   0x00000022   Code   RO         3257    i.OLED_SetCursor    oled.o
    0x08000ef4   0x08000ef4   0x00000074   Code   RO         3259    i.OLED_ShowChar     oled.o
    0x08000f68   0x08000f68   0x00000044   Code   RO         3261    i.OLED_ShowNum      oled.o
    0x08000fac   0x08000fac   0x00000066   Code   RO         3262    i.OLED_ShowSignedNum  oled.o
    0x08001012   0x08001012   0x00000020   Code   RO         3264    i.OLED_WriteCommand  oled.o
    0x08001032   0x08001032   0x00000020   Code   RO         3265    i.OLED_WriteData    oled.o
    0x08001052   0x08001052   0x00000056   Code   RO         3516    i.PID_Init          control.o
    0x080010a8   0x080010a8   0x000000dc   Code   RO         3454    i.PWM_Init          pwm.o
    0x08001184   0x08001184   0x00000002   Code   RO         3635    i.PendSV_Handler    stm32f10x_it.o
    0x08001186   0x08001186   0x00000002   PAD
    0x08001188   0x08001188   0x00000020   Code   RO         1708    i.RCC_APB1PeriphClockCmd  stm32f10x_rcc.o
    0x080011a8   0x080011a8   0x00000020   Code   RO         1710    i.RCC_APB2PeriphClockCmd  stm32f10x_rcc.o
    0x080011c8   0x080011c8   0x000000d4   Code   RO         1718    i.RCC_GetClocksFreq  stm32f10x_rcc.o
    0x0800129c   0x0800129c   0x00000002   Code   RO         3636    i.SVC_Handler       stm32f10x_it.o
    0x0800129e   0x0800129e   0x00000002   PAD
    0x080012a0   0x080012a0   0x0000000c   Code   RO         3201    i.Send              uart.o
    0x080012ac   0x080012ac   0x00000008   Code   RO           24    i.SetSysClock       system_stm32f10x.o
    0x080012b4   0x080012b4   0x000000e0   Code   RO           25    i.SetSysClockTo72   system_stm32f10x.o
    0x08001394   0x08001394   0x00000058   Code   RO         3517    i.Set_Med_Displacement  control.o
    0x080013ec   0x080013ec   0x00000002   Code   RO         3637    i.SysTick_Handler   stm32f10x_it.o
    0x080013ee   0x080013ee   0x00000002   PAD
    0x080013f0   0x080013f0   0x00000060   Code   RO           27    i.SystemInit        system_stm32f10x.o
    0x08001450   0x08001450   0x00000080   Code   RO         2326    i.TI1_Config        stm32f10x_tim.o
    0x080014d0   0x080014d0   0x00000098   Code   RO         2327    i.TI2_Config        stm32f10x_tim.o
    0x08001568   0x08001568   0x00000090   Code   RO         2328    i.TI3_Config        stm32f10x_tim.o
    0x080015f8   0x080015f8   0x00000098   Code   RO         2329    i.TI4_Config        stm32f10x_tim.o
    0x08001690   0x08001690   0x00000184   Code   RO         3518    i.TIM2_IRQHandler   control.o
    0x08001814   0x08001814   0x00000034   Code   RO         3422    i.TIM3_IRQHandler   hcsr04.o
    0x08001848   0x08001848   0x00000018   Code   RO         2330    i.TIM_ARRPreloadConfig  stm32f10x_tim.o
    0x08001860   0x08001860   0x00000006   Code   RO         2336    i.TIM_ClearFlag     stm32f10x_tim.o
    0x08001866   0x08001866   0x00000006   Code   RO         2337    i.TIM_ClearITPendingBit  stm32f10x_tim.o
    0x0800186c   0x0800186c   0x00000018   Code   RO         2342    i.TIM_Cmd           stm32f10x_tim.o
    0x08001884   0x08001884   0x0000001e   Code   RO         2344    i.TIM_CtrlPWMOutputs  stm32f10x_tim.o
    0x080018a2   0x080018a2   0x00000042   Code   RO         2351    i.TIM_EncoderInterfaceConfig  stm32f10x_tim.o
    0x080018e4   0x080018e4   0x00000006   Code   RO         2361    i.TIM_GetCounter    stm32f10x_tim.o
    0x080018ea   0x080018ea   0x00000022   Code   RO         2363    i.TIM_GetITStatus   stm32f10x_tim.o
    0x0800190c   0x0800190c   0x000000ac   Code   RO         2365    i.TIM_ICInit        stm32f10x_tim.o
    0x080019b8   0x080019b8   0x00000012   Code   RO         2366    i.TIM_ICStructInit  stm32f10x_tim.o
    0x080019ca   0x080019ca   0x00000012   Code   RO         2367    i.TIM_ITConfig      stm32f10x_tim.o
    0x080019dc   0x080019dc   0x0000000c   Code   RO         2369    i.TIM_InternalClockConfig  stm32f10x_tim.o
    0x080019e8   0x080019e8   0x00000098   Code   RO         2371    i.TIM_OC1Init       stm32f10x_tim.o
    0x08001a80   0x08001a80   0x00000012   Code   RO         2373    i.TIM_OC1PolarityConfig  stm32f10x_tim.o
    0x08001a92   0x08001a92   0x00000012   Code   RO         2374    i.TIM_OC1PreloadConfig  stm32f10x_tim.o
    0x08001aa4   0x08001aa4   0x000000a4   Code   RO         2376    i.TIM_OC2Init       stm32f10x_tim.o
    0x08001b48   0x08001b48   0x0000001a   Code   RO         2378    i.TIM_OC2PolarityConfig  stm32f10x_tim.o
    0x08001b62   0x08001b62   0x0000001a   Code   RO         2379    i.TIM_OC2PreloadConfig  stm32f10x_tim.o
    0x08001b7c   0x08001b7c   0x000000a0   Code   RO         2381    i.TIM_OC3Init       stm32f10x_tim.o
    0x08001c1c   0x08001c1c   0x0000001a   Code   RO         2383    i.TIM_OC3PolarityConfig  stm32f10x_tim.o
    0x08001c36   0x08001c36   0x00000012   Code   RO         2384    i.TIM_OC3PreloadConfig  stm32f10x_tim.o
    0x08001c48   0x08001c48   0x0000007c   Code   RO         2386    i.TIM_OC4Init       stm32f10x_tim.o
    0x08001cc4   0x08001cc4   0x0000001a   Code   RO         2387    i.TIM_OC4PolarityConfig  stm32f10x_tim.o
    0x08001cde   0x08001cde   0x0000001a   Code   RO         2388    i.TIM_OC4PreloadConfig  stm32f10x_tim.o
    0x08001cf8   0x08001cf8   0x00000014   Code   RO         2389    i.TIM_OCStructInit  stm32f10x_tim.o
    0x08001d0c   0x08001d0c   0x00000004   Code   RO         2403    i.TIM_SetCompare1   stm32f10x_tim.o
    0x08001d10   0x08001d10   0x00000004   Code   RO         2404    i.TIM_SetCompare2   stm32f10x_tim.o
    0x08001d14   0x08001d14   0x00000004   Code   RO         2405    i.TIM_SetCompare3   stm32f10x_tim.o
    0x08001d18   0x08001d18   0x00000006   Code   RO         2406    i.TIM_SetCompare4   stm32f10x_tim.o
    0x08001d1e   0x08001d1e   0x00000004   Code   RO         2407    i.TIM_SetCounter    stm32f10x_tim.o
    0x08001d22   0x08001d22   0x00000012   Code   RO         2408    i.TIM_SetIC1Prescaler  stm32f10x_tim.o
    0x08001d34   0x08001d34   0x0000001a   Code   RO         2409    i.TIM_SetIC2Prescaler  stm32f10x_tim.o
    0x08001d4e   0x08001d4e   0x00000012   Code   RO         2410    i.TIM_SetIC3Prescaler  stm32f10x_tim.o
    0x08001d60   0x08001d60   0x0000001a   Code   RO         2411    i.TIM_SetIC4Prescaler  stm32f10x_tim.o
    0x08001d7a   0x08001d7a   0x00000002   PAD
    0x08001d7c   0x08001d7c   0x000000a4   Code   RO         2413    i.TIM_TimeBaseInit  stm32f10x_tim.o
    0x08001e20   0x08001e20   0x00000034   Code   RO         3519    i.Turnment          control.o
    0x08001e54   0x08001e54   0x00000188   Code   RO         3202    i.USART2_IRQHandler  uart.o
    0x08001fdc   0x08001fdc   0x00000012   Code   RO         2874    i.USART_ClearFlag   stm32f10x_usart.o
    0x08001fee   0x08001fee   0x0000001e   Code   RO         2875    i.USART_ClearITPendingBit  stm32f10x_usart.o
    0x0800200c   0x0800200c   0x00000018   Code   RO         2878    i.USART_Cmd         stm32f10x_usart.o
    0x08002024   0x08002024   0x00000054   Code   RO         2882    i.USART_GetITStatus  stm32f10x_usart.o
    0x08002078   0x08002078   0x0000004a   Code   RO         2884    i.USART_ITConfig    stm32f10x_usart.o
    0x080020c2   0x080020c2   0x00000002   PAD
    0x080020c4   0x080020c4   0x000000d8   Code   RO         2885    i.USART_Init        stm32f10x_usart.o
    0x0800219c   0x0800219c   0x0000000a   Code   RO         2892    i.USART_ReceiveData  stm32f10x_usart.o
    0x080021a6   0x080021a6   0x00000002   PAD
    0x080021a8   0x080021a8   0x000000ac   Code   RO         3203    i.USARTx_Init       uart.o
    0x08002254   0x08002254   0x00000004   Code   RO         3638    i.UsageFault_Handler  stm32f10x_it.o
    0x08002258   0x08002258   0x000000d8   Code   RO         3520    i.Velocity          control.o
    0x08002330   0x08002330   0x00000024   Code   RO         3496    i.bibibi            bibibi.o
    0x08002354   0x08002354   0x0000002c   Code   RO         3497    i.bibibi_init       bibibi.o
    0x08002380   0x08002380   0x0000000c   Code   RO         3204    i.colorsearch       uart.o
    0x0800238c   0x0800238c   0x0000011c   Code   RO         3610    i.main              main.o
    0x080024a8   0x080024a8   0x0000008c   Code   RO         3471    i.turn              motor.o
    0x08002534   0x08002534   0x0000000c   Code   RO         3205    i.x_position        uart.o
    0x08002540   0x08002540   0x00000062   Code   RO         3701    x$fpl$d2f           fz_ws.l(d2f.o)
    0x080025a2   0x080025a2   0x00000002   PAD
    0x080025a4   0x080025a4   0x000002b0   Code   RO         3704    x$fpl$ddiv          fz_ws.l(ddiv.o)
    0x08002854   0x08002854   0x00000154   Code   RO         3707    x$fpl$dmul          fz_ws.l(dmul.o)
    0x080029a8   0x080029a8   0x0000009c   Code   RO         3746    x$fpl$dnaninf       fz_ws.l(dnaninf.o)
    0x08002a44   0x08002a44   0x0000000c   Code   RO         3748    x$fpl$dretinf       fz_ws.l(dretinf.o)
    0x08002a50   0x08002a50   0x00000056   Code   RO         3709    x$fpl$f2d           fz_ws.l(f2d.o)
    0x08002aa6   0x08002aa6   0x00000002   PAD
    0x08002aa8   0x08002aa8   0x000000c4   Code   RO         3711    x$fpl$fadd          fz_ws.l(faddsub_clz.o)
    0x08002b6c   0x08002b6c   0x00000018   Code   RO         3750    x$fpl$fcmpinf       fz_ws.l(fcmpi.o)
    0x08002b84   0x08002b84   0x00000184   Code   RO         3718    x$fpl$fdiv          fz_ws.l(fdiv.o)
    0x08002d08   0x08002d08   0x00000068   Code   RO         3721    x$fpl$feqf          fz_ws.l(feqf.o)
    0x08002d70   0x08002d70   0x00000036   Code   RO         3723    x$fpl$ffix          fz_ws.l(ffix.o)
    0x08002da6   0x08002da6   0x00000002   PAD
    0x08002da8   0x08002da8   0x0000003e   Code   RO         3727    x$fpl$ffixu         fz_ws.l(ffixu.o)
    0x08002de6   0x08002de6   0x00000002   PAD
    0x08002de8   0x08002de8   0x00000030   Code   RO         3732    x$fpl$fflt          fz_ws.l(fflt_clz.o)
    0x08002e18   0x08002e18   0x00000026   Code   RO         3731    x$fpl$ffltu         fz_ws.l(fflt_clz.o)
    0x08002e3e   0x08002e3e   0x00000002   PAD
    0x08002e40   0x08002e40   0x00000068   Code   RO         3737    x$fpl$fleqf         fz_ws.l(fleqf.o)
    0x08002ea8   0x08002ea8   0x00000102   Code   RO         3739    x$fpl$fmul          fz_ws.l(fmul.o)
    0x08002faa   0x08002faa   0x0000008c   Code   RO         3752    x$fpl$fnaninf       fz_ws.l(fnaninf.o)
    0x08003036   0x08003036   0x0000000a   Code   RO         3754    x$fpl$fretinf       fz_ws.l(fretinf.o)
    0x08003040   0x08003040   0x00000014   Code   RO         3712    x$fpl$frsb          fz_ws.l(faddsub_clz.o)
    0x08003054   0x08003054   0x000000ea   Code   RO         3713    x$fpl$fsub          fz_ws.l(faddsub_clz.o)
    0x0800313e   0x0800313e   0x00000000   Code   RO         3756    x$fpl$usenofp       fz_ws.l(usenofp.o)
    0x0800313e   0x0800313e   0x000005f0   Data   RO         3266    .constdata          oled.o
    0x0800372e   0x0800372e   0x00000002   PAD
    0x08003730   0x08003730   0x00000020   Data   RO         3917    Region$$Table       anon$$obj.o


    Execution Region RW_IRAM1 (Exec base: 0x20000000, Load base: 0x08003750, Size: 0x00000740, Max: 0x00005000, ABSOLUTE)

    Exec Addr    Load Addr    Size         Type   Attr      Idx    E Section Name        Object

    0x20000000   0x08003750   0x00000014   Data   RW         1738    .data               stm32f10x_rcc.o
    0x20000014   0x08003764   0x00000008   Data   RW         3207    .data               uart.o
    0x2000001c   0x0800376c   0x00000004   PAD
    0x20000020   0x08003770   0x00000010   Data   RW         3425    .data               hcsr04.o
    0x20000030   0x08003780   0x0000008c   Data   RW         3521    .data               control.o
    0x200000bc   0x0800380c   0x0000000e   Data   RW         3611    .data               main.o
    0x200000ca   0x0800381a   0x00000002   PAD
    0x200000cc        -       0x00000014   Zero   RW         3206    .bss                uart.o
    0x200000e0        -       0x00000060   Zero   RW         3789    .bss                c_w.l(libspace.o)
    0x20000140        -       0x00000200   Zero   RW           18    HEAP                startup_stm32f10x_md.o
    0x20000340        -       0x00000400   Zero   RW           17    STACK               startup_stm32f10x_md.o


==============================================================================

Image component sizes


      Code (inc. data)   RO Data    RW Data    ZI Data      Debug   Object Name

        80         10          0          0          0        895   bibibi.o
      1286        206          0        140          0       5707   control.o
         0          0          0          0          0       4548   core_cm3.o
        70          0          0          0          0        922   delay.o
       376         26          0          0          0       1261   encoder.o
        40          0          0          0          0        468   exit.o
        52         10          0         16          0        686   hcsr04.o
       412         66          0         14          0       1298   main.o
       132         22          0          0          0       1419   misc.o
       464         32          0          0          0       1900   motor.o
       520         12          0          0          0       2894   mpu6050.o
       338         18          0          0          0       4798   myi2c.o
       876         22       1520          0          0       7600   oled.o
       220          8          0          0          0        651   pwm.o
        64         26        236          0       1536        784   startup_stm32f10x_md.o
       314          0          0          0          0       4024   stm32f10x_gpio.o
        26          0          0          0          0       3730   stm32f10x_it.o
       276         32          0         20          0       4266   stm32f10x_rcc.o
      2070        200          0          0          0      22994   stm32f10x_tim.o
       456          6          0          0          0       5906   stm32f10x_usart.o
       328         28          0          0          0     248577   system_stm32f10x.o
       600         62          0          8         20       2952   uart.o

    ----------------------------------------------------------------------
      9022        786       1790        204       1556     328280   Object Totals
         0          0         32          0          0          0   (incl. Generated)
        22          0          2          6          0          0   (incl. Padding)

    ----------------------------------------------------------------------

      Code (inc. data)   RO Data    RW Data    ZI Data      Debug   Library Member Name

         8          0          0          0          0         68   __main.o
         0          0          0          0          0          0   __rtentry.o
        12          0          0          0          0          0   __rtentry2.o
         6          0          0          0          0          0   __rtentry4.o
        52          8          0          0          0          0   __scatter.o
        26          0          0          0          0          0   __scatter_copy.o
        28          0          0          0          0          0   __scatter_zi.o
        18          0          0          0          0         80   exit.o
         6          0          0          0          0        152   heapauxi.o
         0          0          0          0          0          0   indicate_semi.o
         2          0          0          0          0          0   libinit.o
         2          0          0          0          0          0   libinit2.o
         2          0          0          0          0          0   libshutdown.o
         2          0          0          0          0          0   libshutdown2.o
         8          4          0          0         96         68   libspace.o
         2          0          0          0          0          0   rtexit.o
        10          0          0          0          0          0   rtexit2.o
        12          4          0          0          0         68   sys_exit.o
        74          0          0          0          0         80   sys_stackheap_outer.o
         2          0          0          0          0         68   use_no_semi.o
        98          4          0          0          0         92   d2f.o
       688        140          0          0          0        208   ddiv.o
       340         12          0          0          0        104   dmul.o
       156          4          0          0          0         92   dnaninf.o
        12          0          0          0          0         68   dretinf.o
        86          4          0          0          0         84   f2d.o
       450          8          0          0          0        236   faddsub_clz.o
        24          0          0          0          0         68   fcmpi.o
       388         76          0          0          0         96   fdiv.o
       104          4          0          0          0         84   feqf.o
        54          4          0          0          0         84   ffix.o
        62          4          0          0          0         84   ffixu.o
        86          0          0          0          0        136   fflt_clz.o
       104          4          0          0          0         84   fleqf.o
       258          4          0          0          0         84   fmul.o
       140          4          0          0          0         84   fnaninf.o
        10          0          0          0          0         68   fretinf.o
         0          0          0          0          0          0   usenofp.o

    ----------------------------------------------------------------------
      3348        288          0          0         96       2340   Library Totals
        16          0          0          0          0          0   (incl. Padding)

    ----------------------------------------------------------------------

      Code (inc. data)   RO Data    RW Data    ZI Data      Debug   Library Name

       272         16          0          0         96        584   c_w.l
      3060        272          0          0          0       1756   fz_ws.l

    ----------------------------------------------------------------------
      3348        288          0          0         96       2340   Library Totals

    ----------------------------------------------------------------------

==============================================================================


      Code (inc. data)   RO Data    RW Data    ZI Data      Debug   

     12370       1074       1790        204       1652     323388   Grand Totals
     12370       1074       1790        204       1652     323388   ELF Image Totals
     12370       1074       1790        204          0          0   ROM Totals

==============================================================================

    Total RO  Size (Code + RO Data)                14160 (  13.83kB)
    Total RW  Size (RW Data + ZI Data)              1856 (   1.81kB)
    Total ROM Size (Code + RO Data + RW Data)      14364 (  14.03kB)

==============================================================================

